Archive member included to satisfy reference by file (symbol)

D:/Shigoto/Tools/STM32CubeIDE_1.17.0/STM32CubeIDE/plugins/com.st.stm32cube.ide.mcu.externaltools.gnu-tools-for-stm32.13.3.rel1.win32_1.0.0.202411081344/tools/bin/../lib/gcc/arm-none-eabi/13.3.1/../../../../arm-none-eabi/lib/thumb/v7-m/nofp\libc_nano.a(libc_a-exit.o)
                              D:/Shigoto/Tools/STM32CubeIDE_1.17.0/STM32CubeIDE/plugins/com.st.stm32cube.ide.mcu.externaltools.gnu-tools-for-stm32.13.3.rel1.win32_1.0.0.202411081344/tools/bin/../lib/gcc/arm-none-eabi/13.3.1/../../../../arm-none-eabi/lib/thumb/v7-m/nofp/crt0.o (exit)
D:/Shigoto/Tools/STM32CubeIDE_1.17.0/STM32CubeIDE/plugins/com.st.stm32cube.ide.mcu.externaltools.gnu-tools-for-stm32.13.3.rel1.win32_1.0.0.202411081344/tools/bin/../lib/gcc/arm-none-eabi/13.3.1/../../../../arm-none-eabi/lib/thumb/v7-m/nofp\libc_nano.a(libc_a-malloc.o)
                              ./Core/Src/st7735.o (malloc)
D:/Shigoto/Tools/STM32CubeIDE_1.17.0/STM32CubeIDE/plugins/com.st.stm32cube.ide.mcu.externaltools.gnu-tools-for-stm32.13.3.rel1.win32_1.0.0.202411081344/tools/bin/../lib/gcc/arm-none-eabi/13.3.1/../../../../arm-none-eabi/lib/thumb/v7-m/nofp\libc_nano.a(libc_a-mallocr.o)
                              D:/Shigoto/Tools/STM32CubeIDE_1.17.0/STM32CubeIDE/plugins/com.st.stm32cube.ide.mcu.externaltools.gnu-tools-for-stm32.13.3.rel1.win32_1.0.0.202411081344/tools/bin/../lib/gcc/arm-none-eabi/13.3.1/../../../../arm-none-eabi/lib/thumb/v7-m/nofp\libc_nano.a(libc_a-malloc.o) (_malloc_r)
D:/Shigoto/Tools/STM32CubeIDE_1.17.0/STM32CubeIDE/plugins/com.st.stm32cube.ide.mcu.externaltools.gnu-tools-for-stm32.13.3.rel1.win32_1.0.0.202411081344/tools/bin/../lib/gcc/arm-none-eabi/13.3.1/../../../../arm-none-eabi/lib/thumb/v7-m/nofp\libc_nano.a(libc_a-mlock.o)
                              D:/Shigoto/Tools/STM32CubeIDE_1.17.0/STM32CubeIDE/plugins/com.st.stm32cube.ide.mcu.externaltools.gnu-tools-for-stm32.13.3.rel1.win32_1.0.0.202411081344/tools/bin/../lib/gcc/arm-none-eabi/13.3.1/../../../../arm-none-eabi/lib/thumb/v7-m/nofp\libc_nano.a(libc_a-mallocr.o) (__malloc_lock)
D:/Shigoto/Tools/STM32CubeIDE_1.17.0/STM32CubeIDE/plugins/com.st.stm32cube.ide.mcu.externaltools.gnu-tools-for-stm32.13.3.rel1.win32_1.0.0.202411081344/tools/bin/../lib/gcc/arm-none-eabi/13.3.1/../../../../arm-none-eabi/lib/thumb/v7-m/nofp\libc_nano.a(libc_a-findfp.o)
                              D:/Shigoto/Tools/STM32CubeIDE_1.17.0/STM32CubeIDE/plugins/com.st.stm32cube.ide.mcu.externaltools.gnu-tools-for-stm32.13.3.rel1.win32_1.0.0.202411081344/tools/bin/../lib/gcc/arm-none-eabi/13.3.1/../../../../arm-none-eabi/lib/thumb/v7-m/nofp\libc_nano.a(libc_a-exit.o) (__stdio_exit_handler)
D:/Shigoto/Tools/STM32CubeIDE_1.17.0/STM32CubeIDE/plugins/com.st.stm32cube.ide.mcu.externaltools.gnu-tools-for-stm32.13.3.rel1.win32_1.0.0.202411081344/tools/bin/../lib/gcc/arm-none-eabi/13.3.1/../../../../arm-none-eabi/lib/thumb/v7-m/nofp\libc_nano.a(libc_a-fwalk.o)
                              D:/Shigoto/Tools/STM32CubeIDE_1.17.0/STM32CubeIDE/plugins/com.st.stm32cube.ide.mcu.externaltools.gnu-tools-for-stm32.13.3.rel1.win32_1.0.0.202411081344/tools/bin/../lib/gcc/arm-none-eabi/13.3.1/../../../../arm-none-eabi/lib/thumb/v7-m/nofp\libc_nano.a(libc_a-findfp.o) (_fwalk_sglue)
D:/Shigoto/Tools/STM32CubeIDE_1.17.0/STM32CubeIDE/plugins/com.st.stm32cube.ide.mcu.externaltools.gnu-tools-for-stm32.13.3.rel1.win32_1.0.0.202411081344/tools/bin/../lib/gcc/arm-none-eabi/13.3.1/../../../../arm-none-eabi/lib/thumb/v7-m/nofp\libc_nano.a(libc_a-snprintf.o)
                              ./Core/Src/SDlog.o (snprintf)
D:/Shigoto/Tools/STM32CubeIDE_1.17.0/STM32CubeIDE/plugins/com.st.stm32cube.ide.mcu.externaltools.gnu-tools-for-stm32.13.3.rel1.win32_1.0.0.202411081344/tools/bin/../lib/gcc/arm-none-eabi/13.3.1/../../../../arm-none-eabi/lib/thumb/v7-m/nofp\libc_nano.a(libc_a-sprintf.o)
                              ./Core/Src/SDlog.o (sprintf)
D:/Shigoto/Tools/STM32CubeIDE_1.17.0/STM32CubeIDE/plugins/com.st.stm32cube.ide.mcu.externaltools.gnu-tools-for-stm32.13.3.rel1.win32_1.0.0.202411081344/tools/bin/../lib/gcc/arm-none-eabi/13.3.1/../../../../arm-none-eabi/lib/thumb/v7-m/nofp\libc_nano.a(libc_a-stdio.o)
                              D:/Shigoto/Tools/STM32CubeIDE_1.17.0/STM32CubeIDE/plugins/com.st.stm32cube.ide.mcu.externaltools.gnu-tools-for-stm32.13.3.rel1.win32_1.0.0.202411081344/tools/bin/../lib/gcc/arm-none-eabi/13.3.1/../../../../arm-none-eabi/lib/thumb/v7-m/nofp\libc_nano.a(libc_a-findfp.o) (__sread)
D:/Shigoto/Tools/STM32CubeIDE_1.17.0/STM32CubeIDE/plugins/com.st.stm32cube.ide.mcu.externaltools.gnu-tools-for-stm32.13.3.rel1.win32_1.0.0.202411081344/tools/bin/../lib/gcc/arm-none-eabi/13.3.1/../../../../arm-none-eabi/lib/thumb/v7-m/nofp\libc_nano.a(libc_a-memset.o)
[...]
Memory Configuration

Name             Origin             Length             Attributes
RAM              0x20000000         0x00005000         xrw
FLASH            0x08000000         0x00010000         xr
*default*        0x00000000         0xffffffff

Linker script and memory map

LOAD D:/Shigoto/Tools/STM32CubeIDE_1.17.0/STM32CubeIDE/plugins/com.st.stm32cube.ide.mcu.externaltools.gnu-tools-for-stm32.13.3.rel1.win32_1.0.0.202411081344/tools/bin/../lib/gcc/arm-none-eabi/13.3.1/thumb/v7-m/nofp/crti.o
LOAD D:/Shigoto/Tools/STM32CubeIDE_1.17.0/STM32CubeIDE/plugins/com.st.stm32cube.ide.mcu.externaltools.gnu-tools-for-stm32.13.3.rel1.win32_1.0.0.202411081344/tools/bin/../lib/gcc/arm-none-eabi/13.3.1/thumb/v7-m/nofp/crtbegin.o
LOAD D:/Shigoto/Tools/STM32CubeIDE_1.17.0/STM32CubeIDE/plugins/com.st.stm32cube.ide.mcu.externaltools.gnu-tools-for-stm32.13.3.rel1.win32_1.0.0.202411081344/tools/bin/../lib/gcc/arm-none-eabi/13.3.1/../../../../arm-none-eabi/lib/thumb/v7-m/nofp/crt0.o
LOAD ./Core/Src/GFX_FUNCTIONS.o
LOAD ./Core/Src/OBD2.o
LOAD ./Core/Src/SDlog.o
LOAD ./Core/Src/UI.o
LOAD ./Core/Src/button.o
LOAD ./Core/Src/ds1307.o
LOAD ./Core/Src/fatfs_sd_card.o
LOAD ./Core/Src/fonts.o
LOAD ./Core/Src/main.o
LOAD ./Core/Src/rtime.o
LOAD ./Core/Src/st7735.o
LOAD ./Core/Src/stm32f1xx_hal_msp.o
LOAD ./Core/Src/stm32f1xx_it.o
LOAD ./Core/Src/syscalls.o
LOAD ./Core/Src/sysmem.o
LOAD ./Core/Src/system_stm32f1xx.o
LOAD ./Core/Startup/startup_stm32f103c8tx.o
LOAD ./Drivers/STM32F1xx_HAL_Driver/Src/stm32f1xx_hal.o
LOAD ./Drivers/STM32F1xx_HAL_Driver/Src/stm32f1xx_hal_can.o
LOAD ./Drivers/STM32F1xx_HAL_Driver/Src/stm32f1xx_hal_cortex.o
LOAD ./Drivers/STM32F1xx_HAL_Driver/Src/stm32f1xx_hal_dma.o
LOAD ./Drivers/STM32F1xx_HAL_Driver/Src/stm32f1xx_hal_exti.o
LOAD ./Drivers/STM32F1xx_HAL_Driver/Src/stm32f1xx_hal_flash.o
LOAD ./Drivers/STM32F1xx_HAL_Driver/Src/stm32f1xx_hal_flash_ex.o
LOAD ./Drivers/STM32F1xx_HAL_Driver/Src/stm32f1xx_hal_gpio.o
LOAD ./Drivers/STM32F1xx_HAL_Driver/Src/stm32f1xx_hal_gpio_ex.o
LOAD ./Drivers/STM32F1xx_HAL_Driver/Src/stm32f1xx_hal_i2c.o
LOAD ./Drivers/STM32F1xx_HAL_Driver/Src/stm32f1xx_hal_pwr.o
LOAD ./Drivers/STM32F1xx_HAL_Driver/Src/stm32f1xx_hal_rcc.o
LOAD ./Drivers/STM32F1xx_HAL_Driver/Src/stm32f1xx_hal_rcc_ex.o
LOAD ./Drivers/STM32F1xx_HAL_Driver/Src/stm32f1xx_hal_spi.o
LOAD ./Drivers/STM32F1xx_HAL_Driver/Src/stm32f1xx_hal_tim.o
LOAD ./Drivers/STM32F1xx_HAL_Driver/Src/stm32f1xx_hal_tim_ex.o
LOAD ./Drivers/STM32F1xx_HAL_Driver/Src/stm32f1xx_hal_uart.o
LOAD ./FATFS/App/fatfs.o
LOAD ./FATFS/Target/user_diskio.o
LOAD ./Middlewares/Third_Party/FatFs/src/diskio.o
LOAD ./Middlewares/Third_Party/FatFs/src/ff.o
LOAD ./Middlewares/Third_Party/FatFs/src/ff_gen_drv.o
LOAD ./Middlewares/Third_Party/FatFs/src/option/ccsbcs.o
LOAD ./Middlewares/Third_Party/FatFs/src/option/syscall.o
START GROUP
LOAD D:/Shigoto/Tools/STM32CubeIDE_1.17.0/STM32CubeIDE/plugins/com.st.stm32cube.ide.mcu.externaltools.gnu-tools-for-stm32.13.3.rel1.win32_1.0.0.202411081344/tools/bin/../lib/gcc/arm-none-eabi/13.3.1/../../../../arm-none-eabi/lib/thumb/v7-m/nofp\libc_nano.a
LOAD D:/Shigoto/Tools/STM32CubeIDE_1.17.0/STM32CubeIDE/plugins/com.st.stm32cube.ide.mcu.externaltools.gnu-tools-for-stm32.13.3.rel1.win32_1.0.0.202411081344/tools/bin/../lib/gcc/arm-none-eabi/13.3.1/../../../../arm-none-eabi/lib/thumb/v7-m/nofp\libm.a
END GROUP
START GROUP
LOAD D:/Shigoto/Tools/STM32CubeIDE_1.17.0/STM32CubeIDE/plugins/com.st.stm32cube.ide.mcu.externaltools.gnu-tools-for-stm32.13.3.rel1.win32_1.0.0.202411081344/tools/bin/../lib/gcc/arm-none-eabi/13.3.1/thumb/v7-m/nofp\libgcc.a
LOAD D:/Shigoto/Tools/STM32CubeIDE_1.17.0/STM32CubeIDE/plugins/com.st.stm32cube.ide.mcu.externaltools.gnu-tools-for-stm32.13.3.rel1.win32_1.0.0.202411081344/tools/bin/../lib/gcc/arm-none-eabi/13.3.1/../../../../arm-none-eabi/lib/thumb/v7-m/nofp\libc_nano.a
END GROUP
START GROUP
LOAD D:/Shigoto/Tools/STM32CubeIDE_1.17.0/STM32CubeIDE/plugins/com.st.stm32cube.ide.mcu.externaltools.gnu-tools-for-stm32.13.3.rel1.win32_1.0.0.202411081344/tools/bin/../lib/gcc/arm-none-eabi/13.3.1/thumb/v7-m/nofp\libgcc.a
LOAD D:/Shigoto/Tools/STM32CubeIDE_1.17.0/STM32CubeIDE/plugins/com.st.stm32cube.ide.mcu.externaltools.gnu-tools-for-stm32.13.3.rel1.win32_1.0.0.202411081344/tools/bin/../lib/gcc/arm-none-eabi/13.3.1/../../../../arm-none-eabi/lib/thumb/v7-m/nofp\libc_nano.a
LOAD D:/Shigoto/Tools/STM32CubeIDE_1.17.0/STM32CubeIDE/plugins/com.st.stm32cube.ide.mcu.externaltools.gnu-tools-for-stm32.13.3.rel1.win32_1.0.0.202411081344/tools/bin/../lib/gcc/arm-none-eabi/13.3.1/../../../../arm-none-eabi/lib/thumb/v7-m/nofp\libnosys.a
END GROUP
START GROUP
LOAD D:/Shigoto/Tools/STM32CubeIDE_1.17.0/STM32CubeIDE/plugins/com.st.stm32cube.ide.mcu.externaltools.gnu-tools-for-stm32.13.3.rel1.win32_1.0.0.202411081344/tools/bin/../lib/gcc/arm-none-eabi/13.3.1/thumb/v7-m/nofp\libgcc.a
LOAD D:/Shigoto/Tools/STM32CubeIDE_1.17.0/STM32CubeIDE/plugins/com.st.stm32cube.ide.mcu.externaltools.gnu-tools-for-stm32.13.3.rel1.win32_1.0.0.202411081344/tools/bin/../lib/gcc/arm-none-eabi/13.3.1/../../../../arm-none-eabi/lib/thumb/v7-m/nofp\libc_nano.a
LOAD D:/Shigoto/Tools/STM32CubeIDE_1.17.0/STM32CubeIDE/plugins/com.st.stm32cube.ide.mcu.externaltools.gnu-tools-for-stm32.13.3.rel1.win32_1.0.0.202411081344/tools/bin/../lib/gcc/arm-none-eabi/13.3.1/../../../../arm-none-eabi/lib/thumb/v7-m/nofp\libnosys.a
END GROUP
LOAD D:/Shigoto/Tools/STM32CubeIDE_1.17.0/STM32CubeIDE/plugins/com.st.stm32cube.ide.mcu.externaltools.gnu-tools-for-stm32.13.3.rel1.win32_1.0.0.202411081344/tools/bin/../lib/gcc/arm-none-eabi/13.3.1/thumb/v7-m/nofp/crtend.o
LOAD D:/Shigoto/Tools/STM32CubeIDE_1.17.0/STM32CubeIDE/plugins/com.st.stm32cube.ide.mcu.externaltools.gnu-tools-for-stm32.13.3.rel1.win32_1.0.0.202411081344/tools/bin/../lib/gcc/arm-none-eabi/13.3.1/thumb/v7-m/nofp/crtn.o
                0x20005000                        _estack = (ORIGIN (RAM) + LENGTH (RAM))
                0x00000200                        _Min_Heap_Size = 0x200
                0x00000400                        _Min_Stack_Size = 0x400

.isr_vector     0x08000000      0x10c
                0x08000000                        . = ALIGN (0x4)
 *(.isr_vector)
 .isr_vector    0x08000000      0x10c ./Core/Startup/startup_stm32f103c8tx.o
                0x08000000                g_pfnVectors
                0x0800010c                        . = ALIGN (0x4)

.text           0x0800010c     0xaec0
                0x0800010c                        . = ALIGN (0x4)
 *(.text)
 .text          0x0800010c       0x40 D:/Shigoto/Tools/STM32CubeIDE_1.17.0/STM32CubeIDE/plugins/com.st.stm32cube.ide.mcu.externaltools.gnu-tools-for-stm32.13.3.rel1.win32_1.0.0.202411081344/tools/bin/../lib/gcc/arm-none-eabi/13.3.1/thumb/v7-m/nofp/crtbegin.o
 .text          0x0800014c       0x10 D:/Shigoto/Tools/STM32CubeIDE_1.17.0/STM32CubeIDE/plugins/com.st.stm32cube.ide.mcu.externaltools.gnu-tools-for-stm32.13.3.rel1.win32_1.0.0.202411081344/tools/bin/../lib/gcc/arm-none-eabi/13.3.1/../../../../arm-none-eabi/lib/thumb/v7-m/nofp\libc_nano.a(libc_a-strlen.o)
                0x0800014c                strlen
 *(.text*)
 .text.OBD2_DTC
                0x0800015c       0x54 ./Core/Src/OBD2.o
                0x0800015c                OBD2_DTC
 .text.OBD2_VIN
                0x080001b0       0x58 ./Core/Src/OBD2.o
                0x080001b0                OBD2_VIN
 .text.OBD2_SendPID
                0x08000208       0x5c ./Core/Src/OBD2.o
                0x08000208                OBD2_SendPID
 .text.OBD2_SendPIDs
                0x08000264       0x3c ./Core/Src/OBD2.o
                0x08000264                OBD2_SendPIDs
 .text.OBD2_SendFC
                0x080002a0       0x4c ./Core/Src/OBD2.o
                0x080002a0                OBD2_SendFC
 .text.CAN_SF_Handler
                0x080002ec      0x274 ./Core/Src/OBD2.o
                0x080002ec                CAN_SF_Handler
 .text.CAN_FF_Handler
                0x08000560       0xe4 ./Core/Src/OBD2.o
                0x08000560                CAN_FF_Handler
 .text.CAN_CF_Handler
                0x08000644       0xe8 ./Core/Src/OBD2.o
                0x08000644                CAN_CF_Handler
 .text.OBD2_Config
                0x0800072c       0x78 ./Core/Src/OBD2.o
                0x0800072c                OBD2_Config
 .text.OBD2_init
                0x080007a4       0x2c ./Core/Src/OBD2.o
                0x080007a4                OBD2_init
 .text.SDLog_Init
                0x080007d0       0x88 ./Core/Src/SDlog.o
                0x080007d0                SDLog_Init
 .text.log_data_to_csv
                0x08000858      0x194 ./Core/Src/SDlog.o
                0x08000858                log_data_to_csv
 .text.printValueWithUnit
                0x080009ec       0x90 ./Core/Src/UI.o
                0x080009ec                printValueWithUnit
 .text.showData
                0x08000a7c       0xe4 ./Core/Src/UI.o
                0x08000a7c                showData
 .text.ShowReadDataScreen
                0x08000b60      0x1e4 ./Core/Src/UI.o
                0x08000b60                ShowReadDataScreen
 .text.ShowDTCReadingScreen
                0x08000d44       0x74 ./Core/Src/UI.o
                0x08000d44                ShowDTCReadingScreen
 .text.ShowDTCCheckScreen
                0x08000db8       0xa8 ./Core/Src/UI.o
                0x08000db8                ShowDTCCheckScreen
 .text.ShowVINReadingScreen
                0x08000e60       0x74 ./Core/Src/UI.o
                0x08000e60                ShowVINReadingScreen
 .text.ShowVINScreen
                0x08000ed4       0x5c ./Core/Src/UI.o
                0x08000ed4                ShowVINScreen
 .text.ShowLoggingScreen
                0x08000f30       0x80 ./Core/Src/UI.o
                0x08000f30                ShowLoggingScreen
 .text.ShowConnectingScreen
                0x08000fb0       0x40 ./Core/Src/UI.o
                0x08000fb0                ShowConnectingScreen
 .text.ShowMainMenu
                0x08000ff0       0xf0 ./Core/Src/UI.o
                0x08000ff0                ShowMainMenu
 .text.display_init
                0x080010e0       0x16 ./Core/Src/UI.o
                0x080010e0                display_init
 *fill*         0x080010f6        0x2 
 .text.ShowInitScreen
                0x080010f8      0x110 ./Core/Src/UI.o
                0x080010f8                ShowInitScreen
 .text.printTime
                0x08001208       0xac ./Core/Src/UI.o
                0x08001208                printTime
 .text.DecodeDTC
                0x080012b4       0x80 ./Core/Src/UI.o
                0x080012b4                DecodeDTC
 .text.handle_button
                0x08001334      0x244 ./Core/Src/button.o
                0x08001334                handle_button
 .text.DS1307_Init
                0x08001578       0x44 ./Core/Src/ds1307.o
                0x08001578                DS1307_Init
 .text.BCDToDec
                0x080015bc       0x30 ./Core/Src/ds1307.o
 .text.DS1307_ReadTime
                0x080015ec       0xaa ./Core/Src/ds1307.o
                0x080015ec                DS1307_ReadTime
 *fill*         0x08001696        0x2 
 .text.SELECT   0x08001698       0x20 ./Core/Src/fatfs_sd_card.o
 .text.DESELECT
                0x080016b8       0x20 ./Core/Src/fatfs_sd_card.o
 .text.SPI_TxByte
                0x080016d8       0x34 ./Core/Src/fatfs_sd_card.o
 .text.SPI_TxBuffer
                0x0800170c       0x34 ./Core/Src/fatfs_sd_card.o
 .text.SPI_RxByte
                0x08001740       0x38 ./Core/Src/fatfs_sd_card.o
 .text.SPI_RxBytePtr
                0x08001778       0x1c ./Core/Src/fatfs_sd_card.o
 .text.SD_ReadyWait
                0x08001794       0x34 ./Core/Src/fatfs_sd_card.o
 .text.SD_PowerOn
                0x080017c8       0x84 ./Core/Src/fatfs_sd_card.o
 .text.SD_PowerOff
                0x0800184c       0x18 ./Core/Src/fatfs_sd_card.o
 .text.SD_CheckPower
                0x08001864       0x14 ./Core/Src/fatfs_sd_card.o
 .text.SD_RxDataBlock
                0x08001878       0x5c ./Core/Src/fatfs_sd_card.o
 .text.SD_TxDataBlock
                0x080018d4       0x86 ./Core/Src/fatfs_sd_card.o
 .text.SD_SendCmd
                0x0800195a       0xa8 ./Core/Src/fatfs_sd_card.o
 *fill*         0x08001a02        0x2 
 .text.SD_disk_initialize
                0x08001a04      0x1cc ./Core/Src/fatfs_sd_card.o
                0x08001a04                SD_disk_initialize
 .text.SD_disk_status
                0x08001bd0       0x28 ./Core/Src/fatfs_sd_card.o
                0x08001bd0                SD_disk_status
 .text.SD_disk_read
                0x08001bf8       0xd4 ./Core/Src/fatfs_sd_card.o
                0x08001bf8                SD_disk_read
 .text.SD_disk_write
                0x08001ccc      0x108 ./Core/Src/fatfs_sd_card.o
                0x08001ccc                SD_disk_write
 .text.SD_disk_ioctl
                0x08001dd4      0x254 ./Core/Src/fatfs_sd_card.o
                0x08001dd4                SD_disk_ioctl
 .text.main     0x08002028      0x13c ./Core/Src/main.o
                0x08002028                main
 .text.SystemClock_Config
                0x08002164       0xba ./Core/Src/main.o
                0x08002164                SystemClock_Config
 *fill*         0x0800221e        0x2 
 .text.MX_CAN_Init
                0x08002220       0x6c ./Core/Src/main.o
 .text.MX_I2C1_Init
                0x0800228c       0x5c ./Core/Src/main.o
 .text.MX_SPI1_Init
                0x080022e8       0x70 ./Core/Src/main.o
 .text.MX_SPI2_Init
                0x08002358       0x6c ./Core/Src/main.o
 .text.MX_USART1_UART_Init
                0x080023c4       0x54 ./Core/Src/main.o
 .text.MX_GPIO_Init
                0x08002418      0x144 ./Core/Src/main.o
 .text.Device_Start
                0x0800255c       0x50 ./Core/Src/main.o
                0x0800255c                Device_Start
 .text.HAL_CAN_RxFifo1MsgPendingCallback
                0x080025ac       0x50 ./Core/Src/main.o
                0x080025ac                HAL_CAN_RxFifo1MsgPendingCallback
 .text.HAL_GPIO_EXTI_Callback
                0x080025fc       0x1a ./Core/Src/main.o
                0x080025fc                HAL_GPIO_EXTI_Callback
 .text.Error_Handler
                0x08002616        0xc ./Core/Src/main.o
                0x08002616                Error_Handler
 *fill*         0x08002622        0x2 
 .text.timeUpdate
                0x08002624      0x178 ./Core/Src/rtime.o
                0x08002624                timeUpdate
 .text.timeInit
                0x0800279c       0xb4 ./Core/Src/rtime.o
                0x0800279c                timeInit
 .text.ST7735_Select
                0x08002850       0x18 ./Core/Src/st7735.o
 .text.ST7735_Unselect
                0x08002868       0x18 ./Core/Src/st7735.o
                0x08002868                ST7735_Unselect
 .text.ST7735_Reset
                0x08002880       0x28 ./Core/Src/st7735.o
 .text.ST7735_WriteCommand
                0x080028a8       0x34 ./Core/Src/st7735.o
 .text.ST7735_WriteData
                0x080028dc       0x34 ./Core/Src/st7735.o
 .text.ST7735_ExecuteCommandList
                0x08002910       0x92 ./Core/Src/st7735.o
 .text.ST7735_SetAddressWindow
                0x080029a2       0x68 ./Core/Src/st7735.o
 *fill*         0x08002a0a        0x2 
 .text.ST7735_Init
                0x08002a0c       0x34 ./Core/Src/st7735.o
                0x08002a0c                ST7735_Init
 .text.ST7735_WriteChar
                0x08002a40       0xee ./Core/Src/st7735.o
 .text.ST7735_WriteString
                0x08002b2e       0x94 ./Core/Src/st7735.o
                0x08002b2e                ST7735_WriteString
 *fill*         0x08002bc2        0x2 
 .text.ST7735_FillRectangle
                0x08002bc4       0xe4 ./Core/Src/st7735.o
                0x08002bc4                ST7735_FillRectangle
 .text.ST7735_FillScreen
                0x08002ca8       0x22 ./Core/Src/st7735.o
                0x08002ca8                ST7735_FillScreen
 *fill*         0x08002cca        0x2 
 .text.HAL_MspInit
                0x08002ccc       0x64 ./Core/Src/stm32f1xx_hal_msp.o
                0x08002ccc                HAL_MspInit
 .text.HAL_CAN_MspInit
                0x08002d30       0xa8 ./Core/Src/stm32f1xx_hal_msp.o
                0x08002d30                HAL_CAN_MspInit
 .text.HAL_I2C_MspInit
                0x08002dd8       0xa0 ./Core/Src/stm32f1xx_hal_msp.o
                0x08002dd8                HAL_I2C_MspInit
 .text.HAL_SPI_MspInit
                0x08002e78       0xf4 ./Core/Src/stm32f1xx_hal_msp.o
                0x08002e78                HAL_SPI_MspInit
 .text.HAL_UART_MspInit
                0x08002f6c       0x98 ./Core/Src/stm32f1xx_hal_msp.o
                0x08002f6c                HAL_UART_MspInit
 .text.NMI_Handler
                0x08003004        0x8 ./Core/Src/stm32f1xx_it.o
                0x08003004                NMI_Handler
 .text.HardFault_Handler
                0x0800300c        0x8 ./Core/Src/stm32f1xx_it.o
                0x0800300c                HardFault_Handler
 .text.MemManage_Handler
                0x08003014        0x8 ./Core/Src/stm32f1xx_it.o
                0x08003014                MemManage_Handler
 .text.BusFault_Handler
                0x0800301c        0x8 ./Core/Src/stm32f1xx_it.o
                0x0800301c                BusFault_Handler
 .text.UsageFault_Handler
                0x08003024        0x8 ./Core/Src/stm32f1xx_it.o
                0x08003024                UsageFault_Handler
 .text.SVC_Handler
                0x0800302c        0xc ./Core/Src/stm32f1xx_it.o
                0x0800302c                SVC_Handler
 .text.DebugMon_Handler
                0x08003038        0xc ./Core/Src/stm32f1xx_it.o
                0x08003038                DebugMon_Handler
 .text.PendSV_Handler
                0x08003044        0xc ./Core/Src/stm32f1xx_it.o
                0x08003044                PendSV_Handler
 .text.SysTick_Handler
                0x08003050       0x3c ./Core/Src/stm32f1xx_it.o
                0x08003050                SysTick_Handler
 .text.EXTI4_IRQHandler
                0x0800308c        0xe ./Core/Src/stm32f1xx_it.o
                0x0800308c                EXTI4_IRQHandler
 *fill*         0x0800309a        0x2 
 .text.CAN1_RX1_IRQHandler
                0x0800309c       0x14 ./Core/Src/stm32f1xx_it.o
                0x0800309c                CAN1_RX1_IRQHandler
 .text.EXTI9_5_IRQHandler
                0x080030b0       0x1a ./Core/Src/stm32f1xx_it.o
                0x080030b0                EXTI9_5_IRQHandler
 *fill*         0x080030ca        0x2 
 .text._sbrk    0x080030cc       0x6c ./Core/Src/sysmem.o
                0x080030cc                _sbrk
 .text.SystemInit
                0x08003138        0xc ./Core/Src/system_stm32f1xx.o
                0x08003138                SystemInit
 .text.Reset_Handler
                0x08003144       0x48 ./Core/Startup/startup_stm32f103c8tx.o
                0x08003144                Reset_Handler
 .text.Default_Handler
                0x0800318c        0x2 ./Core/Startup/startup_stm32f103c8tx.o
                0x0800318c                RTC_Alarm_IRQHandler
                0x0800318c                EXTI2_IRQHandler
                0x0800318c                TIM1_CC_IRQHandler
                0x0800318c                PVD_IRQHandler
                0x0800318c                EXTI3_IRQHandler
                0x0800318c                EXTI0_IRQHandler
                0x0800318c                I2C2_EV_IRQHandler
                0x0800318c                ADC1_2_IRQHandler
                0x0800318c                SPI1_IRQHandler
                0x0800318c                TAMPER_IRQHandler
                0x0800318c                DMA1_Channel4_IRQHandler
                0x0800318c                USART3_IRQHandler
                0x0800318c                RTC_IRQHandler
                0x0800318c                DMA1_Channel7_IRQHandler
                0x0800318c                TIM4_IRQHandler
                0x0800318c                I2C1_EV_IRQHandler
                0x0800318c                DMA1_Channel6_IRQHandler
                0x0800318c                TIM3_IRQHandler
                0x0800318c                RCC_IRQHandler
                0x0800318c                TIM1_TRG_COM_IRQHandler
                0x0800318c                DMA1_Channel1_IRQHandler
                0x0800318c                Default_Handler
                0x0800318c                EXTI15_10_IRQHandler
                0x0800318c                SPI2_IRQHandler
                0x0800318c                DMA1_Channel5_IRQHandler
                0x0800318c                USB_LP_CAN1_RX0_IRQHandler
                0x0800318c                USB_HP_CAN1_TX_IRQHandler
                0x0800318c                DMA1_Channel3_IRQHandler
                0x0800318c                TIM1_UP_IRQHandler
                0x0800318c                WWDG_IRQHandler
                0x0800318c                TIM2_IRQHandler
                0x0800318c                TIM1_BRK_IRQHandler
                0x0800318c                EXTI1_IRQHandler
                0x0800318c                USART2_IRQHandler
                0x0800318c                I2C2_ER_IRQHandler
                0x0800318c                DMA1_Channel2_IRQHandler
                0x0800318c                CAN1_SCE_IRQHandler
                0x0800318c                FLASH_IRQHandler
                0x0800318c                USART1_IRQHandler
                0x0800318c                I2C1_ER_IRQHandler
                0x0800318c                USBWakeUp_IRQHandler
 *fill*         0x0800318e        0x2 
 .text.HAL_Init
                0x08003190       0x2c ./Drivers/STM32F1xx_HAL_Driver/Src/stm32f1xx_hal.o
                0x08003190                HAL_Init
 .text.HAL_InitTick
                0x080031bc       0x60 ./Drivers/STM32F1xx_HAL_Driver/Src/stm32f1xx_hal.o
                0x080031bc                HAL_InitTick
 .text.HAL_IncTick
                0x0800321c       0x24 ./Drivers/STM32F1xx_HAL_Driver/Src/stm32f1xx_hal.o
                0x0800321c                HAL_IncTick
 .text.HAL_GetTick
                0x08003240       0x14 ./Drivers/STM32F1xx_HAL_Driver/Src/stm32f1xx_hal.o
                0x08003240                HAL_GetTick
 .text.HAL_Delay
                0x08003254       0x48 ./Drivers/STM32F1xx_HAL_Driver/Src/stm32f1xx_hal.o
                0x08003254                HAL_Delay
 .text.HAL_CAN_Init
                0x0800329c      0x1f6 ./Drivers/STM32F1xx_HAL_Driver/Src/stm32f1xx_hal_can.o
                0x0800329c                HAL_CAN_Init
 .text.HAL_CAN_ConfigFilter
                0x08003492      0x192 ./Drivers/STM32F1xx_HAL_Driver/Src/stm32f1xx_hal_can.o
                0x08003492                HAL_CAN_ConfigFilter
 .text.HAL_CAN_Start
                0x08003624       0x88 ./Drivers/STM32F1xx_HAL_Driver/Src/stm32f1xx_hal_can.o
                0x08003624                HAL_CAN_Start
 .text.HAL_CAN_AddTxMessage
                0x080036ac      0x19e ./Drivers/STM32F1xx_HAL_Driver/Src/stm32f1xx_hal_can.o
                0x080036ac                HAL_CAN_AddTxMessage
 .text.HAL_CAN_GetRxMessage
                0x0800384a      0x242 ./Drivers/STM32F1xx_HAL_Driver/Src/stm32f1xx_hal_can.o
                0x0800384a                HAL_CAN_GetRxMessage
 .text.HAL_CAN_ActivateNotification
                0x08003a8c       0x4a ./Drivers/STM32F1xx_HAL_Driver/Src/stm32f1xx_hal_can.o
                0x08003a8c                HAL_CAN_ActivateNotification
 .text.HAL_CAN_IRQHandler
                0x08003ad6      0x36e ./Drivers/STM32F1xx_HAL_Driver/Src/stm32f1xx_hal_can.o
                0x08003ad6                HAL_CAN_IRQHandler
 .text.HAL_CAN_TxMailbox0CompleteCallback
                0x08003e44       0x12 ./Drivers/STM32F1xx_HAL_Driver/Src/stm32f1xx_hal_can.o
                0x08003e44                HAL_CAN_TxMailbox0CompleteCallback
 .text.HAL_CAN_TxMailbox1CompleteCallback
                0x08003e56       0x12 ./Drivers/STM32F1xx_HAL_Driver/Src/stm32f1xx_hal_can.o
                0x08003e56                HAL_CAN_TxMailbox1CompleteCallback
 .text.HAL_CAN_TxMailbox2CompleteCallback
                0x08003e68       0x12 ./Drivers/STM32F1xx_HAL_Driver/Src/stm32f1xx_hal_can.o
                0x08003e68                HAL_CAN_TxMailbox2CompleteCallback
 .text.HAL_CAN_TxMailbox0AbortCallback
                0x08003e7a       0x12 ./Drivers/STM32F1xx_HAL_Driver/Src/stm32f1xx_hal_can.o
                0x08003e7a                HAL_CAN_TxMailbox0AbortCallback
 .text.HAL_CAN_TxMailbox1AbortCallback
                0x08003e8c       0x12 ./Drivers/STM32F1xx_HAL_Driver/Src/stm32f1xx_hal_can.o
                0x08003e8c                HAL_CAN_TxMailbox1AbortCallback
 .text.HAL_CAN_TxMailbox2AbortCallback
                0x08003e9e       0x12 ./Drivers/STM32F1xx_HAL_Driver/Src/stm32f1xx_hal_can.o
                0x08003e9e                HAL_CAN_TxMailbox2AbortCallback
 .text.HAL_CAN_RxFifo0MsgPendingCallback
                0x08003eb0       0x12 ./Drivers/STM32F1xx_HAL_Driver/Src/stm32f1xx_hal_can.o
                0x08003eb0                HAL_CAN_RxFifo0MsgPendingCallback
 .text.HAL_CAN_RxFifo0FullCallback
                0x08003ec2       0x12 ./Drivers/STM32F1xx_HAL_Driver/Src/stm32f1xx_hal_can.o
                0x08003ec2                HAL_CAN_RxFifo0FullCallback
 .text.HAL_CAN_RxFifo1FullCallback
                0x08003ed4       0x12 ./Drivers/STM32F1xx_HAL_Driver/Src/stm32f1xx_hal_can.o
                0x08003ed4                HAL_CAN_RxFifo1FullCallback
 .text.HAL_CAN_SleepCallback
                0x08003ee6       0x12 ./Drivers/STM32F1xx_HAL_Driver/Src/stm32f1xx_hal_can.o
                0x08003ee6                HAL_CAN_SleepCallback
 .text.HAL_CAN_WakeUpFromRxMsgCallback
                0x08003ef8       0x12 ./Drivers/STM32F1xx_HAL_Driver/Src/stm32f1xx_hal_can.o
                0x08003ef8                HAL_CAN_WakeUpFromRxMsgCallback
 .text.HAL_CAN_ErrorCallback
                0x08003f0a       0x12 ./Drivers/STM32F1xx_HAL_Driver/Src/stm32f1xx_hal_can.o
                0x08003f0a                HAL_CAN_ErrorCallback
 .text.__NVIC_SetPriorityGrouping
                0x08003f1c       0x48 ./Drivers/STM32F1xx_HAL_Driver/Src/stm32f1xx_hal_cortex.o
 .text.__NVIC_GetPriorityGrouping
                0x08003f64       0x1c ./Drivers/STM32F1xx_HAL_Driver/Src/stm32f1xx_hal_cortex.o
 .text.__NVIC_EnableIRQ
                0x08003f80       0x38 ./Drivers/STM32F1xx_HAL_Driver/Src/stm32f1xx_hal_cortex.o
 .text.__NVIC_SetPriority
                0x08003fb8       0x54 ./Drivers/STM32F1xx_HAL_Driver/Src/stm32f1xx_hal_cortex.o
 .text.NVIC_EncodePriority
                0x0800400c       0x64 ./Drivers/STM32F1xx_HAL_Driver/Src/stm32f1xx_hal_cortex.o
 .text.SysTick_Config
                0x08004070       0x44 ./Drivers/STM32F1xx_HAL_Driver/Src/stm32f1xx_hal_cortex.o
 .text.HAL_NVIC_SetPriorityGrouping
                0x080040b4       0x16 ./Drivers/STM32F1xx_HAL_Driver/Src/stm32f1xx_hal_cortex.o
                0x080040b4                HAL_NVIC_SetPriorityGrouping
 .text.HAL_NVIC_SetPriority
                0x080040ca       0x38 ./Drivers/STM32F1xx_HAL_Driver/Src/stm32f1xx_hal_cortex.o
                0x080040ca                HAL_NVIC_SetPriority
 .text.HAL_NVIC_EnableIRQ
                0x08004102       0x1c ./Drivers/STM32F1xx_HAL_Driver/Src/stm32f1xx_hal_cortex.o
                0x08004102                HAL_NVIC_EnableIRQ
 .text.HAL_SYSTICK_Config
                0x0800411e       0x18 ./Drivers/STM32F1xx_HAL_Driver/Src/stm32f1xx_hal_cortex.o
                0x0800411e                HAL_SYSTICK_Config
 *fill*         0x08004136        0x2 
 .text.HAL_GPIO_Init
                0x08004138      0x308 ./Drivers/STM32F1xx_HAL_Driver/Src/stm32f1xx_hal_gpio.o
                0x08004138                HAL_GPIO_Init
 .text.HAL_GPIO_WritePin
                0x08004440       0x30 ./Drivers/STM32F1xx_HAL_Driver/Src/stm32f1xx_hal_gpio.o
                0x08004440                HAL_GPIO_WritePin
 .text.HAL_GPIO_TogglePin
                0x08004470       0x32 ./Drivers/STM32F1xx_HAL_Driver/Src/stm32f1xx_hal_gpio.o
                0x08004470                HAL_GPIO_TogglePin
 *fill*         0x080044a2        0x2 
 .text.HAL_GPIO_EXTI_IRQHandler
                0x080044a4       0x30 ./Drivers/STM32F1xx_HAL_Driver/Src/stm32f1xx_hal_gpio.o
                0x080044a4                HAL_GPIO_EXTI_IRQHandler
 .text.HAL_I2C_Init
                0x080044d4      0x288 ./Drivers/STM32F1xx_HAL_Driver/Src/stm32f1xx_hal_i2c.o
                0x080044d4                HAL_I2C_Init
 .text.HAL_I2C_Mem_Read
                0x0800475c      0x4e8 ./Drivers/STM32F1xx_HAL_Driver/Src/stm32f1xx_hal_i2c.o
                0x0800475c                HAL_I2C_Mem_Read
 .text.I2C_RequestMemoryRead
                0x08004c44      0x1d0 ./Drivers/STM32F1xx_HAL_Driver/Src/stm32f1xx_hal_i2c.o
 .text.I2C_WaitOnFlagUntilTimeout
                0x08004e14       0xf4 ./Drivers/STM32F1xx_HAL_Driver/Src/stm32f1xx_hal_i2c.o
 .text.I2C_WaitOnMasterAddressFlagUntilTimeout
                0x08004f08      0x140 ./Drivers/STM32F1xx_HAL_Driver/Src/stm32f1xx_hal_i2c.o
 .text.I2C_WaitOnTXEFlagUntilTimeout
                0x08005048       0x90 ./Drivers/STM32F1xx_HAL_Driver/Src/stm32f1xx_hal_i2c.o
 .text.I2C_WaitOnRXNEFlagUntilTimeout
                0x080050d8       0xba ./Drivers/STM32F1xx_HAL_Driver/Src/stm32f1xx_hal_i2c.o
 .text.I2C_IsAcknowledgeFailed
                0x08005192       0x5c ./Drivers/STM32F1xx_HAL_Driver/Src/stm32f1xx_hal_i2c.o
 *fill*         0x080051ee        0x2 
 .text.HAL_RCC_OscConfig
                0x080051f0      0x504 ./Drivers/STM32F1xx_HAL_Driver/Src/stm32f1xx_hal_rcc.o
                0x080051f0                HAL_RCC_OscConfig
 .text.HAL_RCC_ClockConfig
                0x080056f4      0x1d4 ./Drivers/STM32F1xx_HAL_Driver/Src/stm32f1xx_hal_rcc.o
                0x080056f4                HAL_RCC_ClockConfig
 .text.HAL_RCC_GetSysClockFreq
                0x080058c8       0xa8 ./Drivers/STM32F1xx_HAL_Driver/Src/stm32f1xx_hal_rcc.o
                0x080058c8                HAL_RCC_GetSysClockFreq
 .text.HAL_RCC_GetHCLKFreq
                0x08005970       0x14 ./Drivers/STM32F1xx_HAL_Driver/Src/stm32f1xx_hal_rcc.o
                0x08005970                HAL_RCC_GetHCLKFreq
 .text.HAL_RCC_GetPCLK1Freq
                0x08005984       0x28 ./Drivers/STM32F1xx_HAL_Driver/Src/stm32f1xx_hal_rcc.o
                0x08005984                HAL_RCC_GetPCLK1Freq
 .text.HAL_RCC_GetPCLK2Freq
                0x080059ac       0x28 ./Drivers/STM32F1xx_HAL_Driver/Src/stm32f1xx_hal_rcc.o
                0x080059ac                HAL_RCC_GetPCLK2Freq
 .text.RCC_Delay
                0x080059d4       0x3c ./Drivers/STM32F1xx_HAL_Driver/Src/stm32f1xx_hal_rcc.o
 .text.HAL_RCCEx_PeriphCLKConfig
                0x08005a10      0x16c ./Drivers/STM32F1xx_HAL_Driver/Src/stm32f1xx_hal_rcc_ex.o
                0x08005a10                HAL_RCCEx_PeriphCLKConfig
 .text.HAL_SPI_Init
                0x08005b7c      0x108 ./Drivers/STM32F1xx_HAL_Driver/Src/stm32f1xx_hal_spi.o
                0x08005b7c                HAL_SPI_Init
 .text.HAL_SPI_Transmit
                0x08005c84      0x288 ./Drivers/STM32F1xx_HAL_Driver/Src/stm32f1xx_hal_spi.o
                0x08005c84                HAL_SPI_Transmit
 .text.HAL_SPI_TransmitReceive
                0x08005f0c      0x352 ./Drivers/STM32F1xx_HAL_Driver/Src/stm32f1xx_hal_spi.o
                0x08005f0c                HAL_SPI_TransmitReceive
 *fill*         0x0800625e        0x2 
 .text.SPI_WaitFlagStateUntilTimeout
                0x08006260      0x110 ./Drivers/STM32F1xx_HAL_Driver/Src/stm32f1xx_hal_spi.o
 .text.SPI_EndRxTxTransaction
                0x08006370       0x62 ./Drivers/STM32F1xx_HAL_Driver/Src/stm32f1xx_hal_spi.o
 .text.HAL_UART_Init
                0x080063d2       0xa0 ./Drivers/STM32F1xx_HAL_Driver/Src/stm32f1xx_hal_uart.o
                0x080063d2                HAL_UART_Init
 .text.HAL_UART_Transmit
                0x08006472      0x116 ./Drivers/STM32F1xx_HAL_Driver/Src/stm32f1xx_hal_uart.o
                0x08006472                HAL_UART_Transmit
 .text.UART_WaitOnFlagUntilTimeout
                0x08006588       0xb2 ./Drivers/STM32F1xx_HAL_Driver/Src/stm32f1xx_hal_uart.o
 .text.UART_EndRxTransfer
                0x0800663a       0xc4 ./Drivers/STM32F1xx_HAL_Driver/Src/stm32f1xx_hal_uart.o
 *fill*         0x080066fe        0x2 
 .text.UART_SetConfig
                0x08006700      0x11c ./Drivers/STM32F1xx_HAL_Driver/Src/stm32f1xx_hal_uart.o
 .text.MX_FATFS_Init
                0x0800681c       0x24 ./FATFS/App/fatfs.o
                0x0800681c                MX_FATFS_Init
 .text.get_fattime
                0x08006840        0xe ./FATFS/App/fatfs.o
                0x08006840                get_fattime
 .text.USER_initialize
                0x0800684e       0x1c ./FATFS/Target/user_diskio.o
                0x0800684e                USER_initialize
 .text.USER_status
                0x0800686a       0x1c ./FATFS/Target/user_diskio.o
                0x0800686a                USER_status
 .text.USER_read
                0x08006886       0x26 ./FATFS/Target/user_diskio.o
                0x08006886                USER_read
 .text.USER_write
                0x080068ac       0x26 ./FATFS/Target/user_diskio.o
                0x080068ac                USER_write
 .text.USER_ioctl
                0x080068d2       0x26 ./FATFS/Target/user_diskio.o
                0x080068d2                USER_ioctl
 .text.disk_status
                0x080068f8       0x34 ./Middlewares/Third_Party/FatFs/src/diskio.o
                0x080068f8                disk_status
 .text.disk_initialize
                0x0800692c       0x4c ./Middlewares/Third_Party/FatFs/src/diskio.o
                0x0800692c                disk_initialize
 .text.disk_read
                0x08006978       0x40 ./Middlewares/Third_Party/FatFs/src/diskio.o
                0x08006978                disk_read
 .text.disk_write
                0x080069b8       0x40 ./Middlewares/Third_Party/FatFs/src/diskio.o
                0x080069b8                disk_write
 .text.disk_ioctl
                0x080069f8       0x3c ./Middlewares/Third_Party/FatFs/src/diskio.o
                0x080069f8                disk_ioctl
 .text.mem_cpy  0x08006a34       0x3c ./Middlewares/Third_Party/FatFs/src/ff.o
 .text.mem_set  0x08006a70       0x34 ./Middlewares/Third_Party/FatFs/src/ff.o
 .text.mem_cmp  0x08006aa4       0x4c ./Middlewares/Third_Party/FatFs/src/ff.o
 .text.chk_chr  0x08006af0       0x34 ./Middlewares/Third_Party/FatFs/src/ff.o
 .text.chk_lock
                0x08006b24       0xe0 ./Middlewares/Third_Party/FatFs/src/ff.o
 .text.enq_lock
                0x08006c04       0x48 ./Middlewares/Third_Party/FatFs/src/ff.o
 .text.inc_lock
                0x08006c4c      0x178 ./Middlewares/Third_Party/FatFs/src/ff.o
 .text.dec_lock
                0x08006dc4       0x88 ./Middlewares/Third_Party/FatFs/src/ff.o
 .text.clear_lock
                0x08006e4c       0x54 ./Middlewares/Third_Party/FatFs/src/ff.o
 .text.sync_window
                0x08006ea0       0xa4 ./Middlewares/Third_Party/FatFs/src/ff.o
 .text.move_window
                0x08006f44       0x64 ./Middlewares/Third_Party/FatFs/src/ff.o
 .text.sync_fs  0x08006fa8      0x17e ./Middlewares/Third_Party/FatFs/src/ff.o
 .text.clust2sect
                0x08007126       0x48 ./Middlewares/Third_Party/FatFs/src/ff.o
                0x08007126                clust2sect
 .text.get_fat  0x0800716e      0x1f8 ./Middlewares/Third_Party/FatFs/src/ff.o
                0x0800716e                get_fat
 .text.put_fat  0x08007366      0x2a6 ./Middlewares/Third_Party/FatFs/src/ff.o
                0x08007366                put_fat
 .text.remove_chain
                0x0800760c       0xc2 ./Middlewares/Third_Party/FatFs/src/ff.o
 .text.create_chain
                0x080076ce      0x150 ./Middlewares/Third_Party/FatFs/src/ff.o
 .text.clmt_clust
                0x0800781e       0x80 ./Middlewares/Third_Party/FatFs/src/ff.o
 .text.dir_sdi  0x0800789e      0x19c ./Middlewares/Third_Party/FatFs/src/ff.o
 .text.dir_next
                0x08007a3a      0x294 ./Middlewares/Third_Party/FatFs/src/ff.o
 .text.dir_alloc
                0x08007cce       0x9c ./Middlewares/Third_Party/FatFs/src/ff.o
 .text.ld_clust
                0x08007d6a       0x60 ./Middlewares/Third_Party/FatFs/src/ff.o
 .text.st_clust
                0x08007dca       0x4c ./Middlewares/Third_Party/FatFs/src/ff.o
 *fill*         0x08007e16        0x2 
 .text.cmp_lfn  0x08007e18       0xdc ./Middlewares/Third_Party/FatFs/src/ff.o
 .text.fit_lfn  0x08007ef4       0xe8 ./Middlewares/Third_Party/FatFs/src/ff.o
 .text.gen_numname
                0x08007fdc      0x11c ./Middlewares/Third_Party/FatFs/src/ff.o
 .text.sum_sfn  0x080080f8       0x40 ./Middlewares/Third_Party/FatFs/src/ff.o
 .text.dir_find
                0x08008138      0x198 ./Middlewares/Third_Party/FatFs/src/ff.o
 .text.dir_register
                0x080082d0      0x248 ./Middlewares/Third_Party/FatFs/src/ff.o
 .text.create_name
                0x08008518      0x37c ./Middlewares/Third_Party/FatFs/src/ff.o
 .text.follow_path
                0x08008894       0xec ./Middlewares/Third_Party/FatFs/src/ff.o
 .text.get_ldnumber
                0x08008980       0x86 ./Middlewares/Third_Party/FatFs/src/ff.o
 *fill*         0x08008a06        0x2 
 .text.check_fs
                0x08008a08       0xdc ./Middlewares/Third_Party/FatFs/src/ff.o
 .text.find_volume
                0x08008ae4      0x670 ./Middlewares/Third_Party/FatFs/src/ff.o
 .text.validate
                0x08009154       0x76 ./Middlewares/Third_Party/FatFs/src/ff.o
 *fill*         0x080091ca        0x2 
 .text.f_mount  0x080091cc       0x94 ./Middlewares/Third_Party/FatFs/src/ff.o
                0x080091cc                f_mount
 .text.f_open   0x08009260      0x628 ./Middlewares/Third_Party/FatFs/src/ff.o
                0x08009260                f_open
 .text.f_write  0x08009888      0x472 ./Middlewares/Third_Party/FatFs/src/ff.o
                0x08009888                f_write
 .text.f_sync   0x08009cfa      0x19c ./Middlewares/Third_Party/FatFs/src/ff.o
                0x08009cfa                f_sync
 .text.f_close  0x08009e96       0x56 ./Middlewares/Third_Party/FatFs/src/ff.o
                0x08009e96                f_close
 .text.f_lseek  0x08009eec      0x5e2 ./Middlewares/Third_Party/FatFs/src/ff.o
                0x08009eec                f_lseek
 *fill*         0x0800a4ce        0x2 
 .text.FATFS_LinkDriverEx
                0x0800a4d0       0x94 ./Middlewares/Third_Party/FatFs/src/ff_gen_drv.o
                0x0800a4d0                FATFS_LinkDriverEx
 .text.FATFS_LinkDriver
                0x0800a564       0x1e ./Middlewares/Third_Party/FatFs/src/ff_gen_drv.o
                0x0800a564                FATFS_LinkDriver
 *fill*         0x0800a582        0x2 
 .text.ff_convert
                0x0800a584       0x74 ./Middlewares/Third_Party/FatFs/src/option/ccsbcs.o
                0x0800a584                ff_convert
 .text.ff_wtoupper
                0x0800a5f8       0x5c ./Middlewares/Third_Party/FatFs/src/option/ccsbcs.o
                0x0800a5f8                ff_wtoupper
 .text.sbrk_aligned
                0x0800a654       0x44 D:/Shigoto/Tools/STM32CubeIDE_1.17.0/STM32CubeIDE/plugins/com.st.stm32cube.ide.mcu.externaltools.gnu-tools-for-stm32.13.3.rel1.win32_1.0.0.202411081344/tools/bin/../lib/gcc/arm-none-eabi/13.3.1/../../../../arm-none-eabi/lib/thumb/v7-m/nofp\libc_nano.a(libc_a-mallocr.o)
 .text._malloc_r
                0x0800a698      0x100 D:/Shigoto/Tools/STM32CubeIDE_1.17.0/STM32CubeIDE/plugins/com.st.stm32cube.ide.mcu.externaltools.gnu-tools-for-stm32.13.3.rel1.win32_1.0.0.202411081344/tools/bin/../lib/gcc/arm-none-eabi/13.3.1/../../../../arm-none-eabi/lib/thumb/v7-m/nofp\libc_nano.a(libc_a-mallocr.o)
                0x0800a698                _malloc_r
 .text.__malloc_lock
                0x0800a798        0xc D:/Shigoto/Tools/STM32CubeIDE_1.17.0/STM32CubeIDE/plugins/com.st.stm32cube.ide.mcu.externaltools.gnu-tools-for-stm32.13.3.rel1.win32_1.0.0.202411081344/tools/bin/../lib/gcc/arm-none-eabi/13.3.1/../../../../arm-none-eabi/lib/thumb/v7-m/nofp\libc_nano.a(libc_a-mlock.o)
                0x0800a798                __malloc_lock
 .text.__malloc_unlock
                0x0800a7a4        0xc D:/Shigoto/Tools/STM32CubeIDE_1.17.0/STM32CubeIDE/plugins/com.st.stm32cube.ide.mcu.externaltools.gnu-tools-for-stm32.13.3.rel1.win32_1.0.0.202411081344/tools/bin/../lib/gcc/arm-none-eabi/13.3.1/../../../../arm-none-eabi/lib/thumb/v7-m/nofp\libc_nano.a(libc_a-mlock.o)
                0x0800a7a4                __malloc_unlock
 .text.sprintf  0x0800a7b0       0x44 D:/Shigoto/Tools/STM32CubeIDE_1.17.0/STM32CubeIDE/plugins/com.st.stm32cube.ide.mcu.externaltools.gnu-tools-for-stm32.13.3.rel1.win32_1.0.0.202411081344/tools/bin/../lib/gcc/arm-none-eabi/13.3.1/../../../../arm-none-eabi/lib/thumb/v7-m/nofp\libc_nano.a(libc_a-sprintf.o)
                0x0800a7b0                siprintf
                0x0800a7b0                sprintf
 .text.memset   0x0800a7f4       0x10 D:/Shigoto/Tools/STM32CubeIDE_1.17.0/STM32CubeIDE/plugins/com.st.stm32cube.ide.mcu.externaltools.gnu-tools-for-stm32.13.3.rel1.win32_1.0.0.202411081344/tools/bin/../lib/gcc/arm-none-eabi/13.3.1/../../../../arm-none-eabi/lib/thumb/v7-m/nofp\libc_nano.a(libc_a-memset.o)
                0x0800a7f4                memset
 .text._sbrk_r  0x0800a804       0x20 D:/Shigoto/Tools/STM32CubeIDE_1.17.0/STM32CubeIDE/plugins/com.st.stm32cube.ide.mcu.externaltools.gnu-tools-for-stm32.13.3.rel1.win32_1.0.0.202411081344/tools/bin/../lib/gcc/arm-none-eabi/13.3.1/../../../../arm-none-eabi/lib/thumb/v7-m/nofp\libc_nano.a(libc_a-sbrkr.o)
                0x0800a804                _sbrk_r
 .text.__errno  0x0800a824        0xc D:/Shigoto/Tools/STM32CubeIDE_1.17.0/STM32CubeIDE/plugins/com.st.stm32cube.ide.mcu.externaltools.gnu-tools-for-stm32.13.3.rel1.win32_1.0.0.202411081344/tools/bin/../lib/gcc/arm-none-eabi/13.3.1/../../../../arm-none-eabi/lib/thumb/v7-m/nofp\libc_nano.a(libc_a-errno.o)
                0x0800a824                __errno
 .text.__libc_init_array
                0x0800a830       0x48 D:/Shigoto/Tools/STM32CubeIDE_1.17.0/STM32CubeIDE/plugins/com.st.stm32cube.ide.mcu.externaltools.gnu-tools-for-stm32.13.3.rel1.win32_1.0.0.202411081344/tools/bin/../lib/gcc/arm-none-eabi/13.3.1/../../../../arm-none-eabi/lib/thumb/v7-m/nofp\libc_nano.a(libc_a-init.o)
                0x0800a830                __libc_init_array
 .text.__retarget_lock_acquire_recursive
                0x0800a878        0x2 D:/Shigoto/Tools/STM32CubeIDE_1.17.0/STM32CubeIDE/plugins/com.st.stm32cube.ide.mcu.externaltools.gnu-tools-for-stm32.13.3.rel1.win32_1.0.0.202411081344/tools/bin/../lib/gcc/arm-none-eabi/13.3.1/../../../../arm-none-eabi/lib/thumb/v7-m/nofp\libc_nano.a(libc_a-lock.o)
                0x0800a878                __retarget_lock_acquire_recursive
 .text.__retarget_lock_release_recursive
                0x0800a87a        0x2 D:/Shigoto/Tools/STM32CubeIDE_1.17.0/STM32CubeIDE/plugins/com.st.stm32cube.ide.mcu.externaltools.gnu-tools-for-stm32.13.3.rel1.win32_1.0.0.202411081344/tools/bin/../lib/gcc/arm-none-eabi/13.3.1/../../../../arm-none-eabi/lib/thumb/v7-m/nofp\libc_nano.a(libc_a-lock.o)
                0x0800a87a                __retarget_lock_release_recursive
 .text.memcpy   0x0800a87c       0x1c D:/Shigoto/Tools/STM32CubeIDE_1.17.0/STM32CubeIDE/plugins/com.st.stm32cube.ide.mcu.externaltools.gnu-tools-for-stm32.13.3.rel1.win32_1.0.0.202411081344/tools/bin/../lib/gcc/arm-none-eabi/13.3.1/../../../../arm-none-eabi/lib/thumb/v7-m/nofp\libc_nano.a(libc_a-memcpy-stub.o)
                0x0800a87c                memcpy
 .text._free_r  0x0800a898       0x90 D:/Shigoto/Tools/STM32CubeIDE_1.17.0/STM32CubeIDE/plugins/com.st.stm32cube.ide.mcu.externaltools.gnu-tools-for-stm32.13.3.rel1.win32_1.0.0.202411081344/tools/bin/../lib/gcc/arm-none-eabi/13.3.1/../../../../arm-none-eabi/lib/thumb/v7-m/nofp\libc_nano.a(libc_a-freer.o)
                0x0800a898                _free_r
 .text.__ssputs_r
                0x0800a928       0xb6 D:/Shigoto/Tools/STM32CubeIDE_1.17.0/STM32CubeIDE/plugins/com.st.stm32cube.ide.mcu.externaltools.gnu-tools-for-stm32.13.3.rel1.win32_1.0.0.202411081344/tools/bin/../lib/gcc/arm-none-eabi/13.3.1/../../../../arm-none-eabi/lib/thumb/v7-m/nofp\libc_nano.a(libc_a-nano-svfprintf.o)
                0x0800a928                __ssputs_r
 *fill*         0x0800a9de        0x2 
 .text._svfprintf_r
                0x0800a9e0      0x1f8 D:/Shigoto/Tools/STM32CubeIDE_1.17.0/STM32CubeIDE/plugins/com.st.stm32cube.ide.mcu.externaltools.gnu-tools-for-stm32.13.3.rel1.win32_1.0.0.202411081344/tools/bin/../lib/gcc/arm-none-eabi/13.3.1/../../../../arm-none-eabi/lib/thumb/v7-m/nofp\libc_nano.a(libc_a-nano-svfprintf.o)
                0x0800a9e0                _svfiprintf_r
                0x0800a9e0                _svfprintf_r
 .text._printf_common
                0x0800abd8       0xe4 D:/Shigoto/Tools/STM32CubeIDE_1.17.0/STM32CubeIDE/plugins/com.st.stm32cube.ide.mcu.externaltools.gnu-tools-for-stm32.13.3.rel1.win32_1.0.0.202411081344/tools/bin/../lib/gcc/arm-none-eabi/13.3.1/../../../../arm-none-eabi/lib/thumb/v7-m/nofp\libc_nano.a(libc_a-nano-vfprintf_i.o)
                0x0800abd8                _printf_common
 .text._printf_i
                0x0800acbc      0x23c D:/Shigoto/Tools/STM32CubeIDE_1.17.0/STM32CubeIDE/plugins/com.st.stm32cube.ide.mcu.externaltools.gnu-tools-for-stm32.13.3.rel1.win32_1.0.0.202411081344/tools/bin/../lib/gcc/arm-none-eabi/13.3.1/../../../../arm-none-eabi/lib/thumb/v7-m/nofp\libc_nano.a(libc_a-nano-vfprintf_i.o)
                0x0800acbc                _printf_i
 .text.memmove  0x0800aef8       0x34 D:/Shigoto/Tools/STM32CubeIDE_1.17.0/STM32CubeIDE/plugins/com.st.stm32cube.ide.mcu.externaltools.gnu-tools-for-stm32.13.3.rel1.win32_1.0.0.202411081344/tools/bin/../lib/gcc/arm-none-eabi/13.3.1/../../../../arm-none-eabi/lib/thumb/v7-m/nofp\libc_nano.a(libc_a-memmove.o)
                0x0800aef8                memmove
 .text.memchr   0x0800af2c       0x1c D:/Shigoto/Tools/STM32CubeIDE_1.17.0/STM32CubeIDE/plugins/com.st.stm32cube.ide.mcu.externaltools.gnu-tools-for-stm32.13.3.rel1.win32_1.0.0.202411081344/tools/bin/../lib/gcc/arm-none-eabi/13.3.1/../../../../arm-none-eabi/lib/thumb/v7-m/nofp\libc_nano.a(libc_a-memchr-stub.o)
                0x0800af2c                memchr
 .text._realloc_r
                0x0800af48       0x5c D:/Shigoto/Tools/STM32CubeIDE_1.17.0/STM32CubeIDE/plugins/com.st.stm32cube.ide.mcu.externaltools.gnu-tools-for-stm32.13.3.rel1.win32_1.0.0.202411081344/tools/bin/../lib/gcc/arm-none-eabi/13.3.1/../../../../arm-none-eabi/lib/thumb/v7-m/nofp\libc_nano.a(libc_a-reallocr.o)
                0x0800af48                _realloc_r
 .text._malloc_usable_size_r
                0x0800afa4       0x10 D:/Shigoto/Tools/STM32CubeIDE_1.17.0/STM32CubeIDE/plugins/com.st.stm32cube.ide.mcu.externaltools.gnu-tools-for-stm32.13.3.rel1.win32_1.0.0.202411081344/tools/bin/../lib/gcc/arm-none-eabi/13.3.1/../../../../arm-none-eabi/lib/thumb/v7-m/nofp\libc_nano.a(libc_a-msizer.o)
                0x0800afa4                _malloc_usable_size_r
 *(.glue_7)
 .glue_7        0x0800afb4        0x0 linker stubs
 *(.glue_7t)
 .glue_7t       0x0800afb4        0x0 linker stubs
 *(.eh_frame)
 .eh_frame      0x0800afb4        0x0 D:/Shigoto/Tools/STM32CubeIDE_1.17.0/STM32CubeIDE/plugins/com.st.stm32cube.ide.mcu.externaltools.gnu-tools-for-stm32.13.3.rel1.win32_1.0.0.202411081344/tools/bin/../lib/gcc/arm-none-eabi/13.3.1/thumb/v7-m/nofp/crtbegin.o
 *(.init)
 .init          0x0800afb4        0x4 D:/Shigoto/Tools/STM32CubeIDE_1.17.0/STM32CubeIDE/plugins/com.st.stm32cube.ide.mcu.externaltools.gnu-tools-for-stm32.13.3.rel1.win32_1.0.0.202411081344/tools/bin/../lib/gcc/arm-none-eabi/13.3.1/thumb/v7-m/nofp/crti.o
                0x0800afb4                _init
 .init          0x0800afb8        0x8 D:/Shigoto/Tools/STM32CubeIDE_1.17.0/STM32CubeIDE/plugins/com.st.stm32cube.ide.mcu.externaltools.gnu-tools-for-stm32.13.3.rel1.win32_1.0.0.202411081344/tools/bin/../lib/gcc/arm-none-eabi/13.3.1/thumb/v7-m/nofp/crtn.o
 *(.fini)
 .fini          0x0800afc0        0x4 D:/Shigoto/Tools/STM32CubeIDE_1.17.0/STM32CubeIDE/plugins/com.st.stm32cube.ide.mcu.externaltools.gnu-tools-for-stm32.13.3.rel1.win32_1.0.0.202411081344/tools/bin/../lib/gcc/arm-none-eabi/13.3.1/thumb/v7-m/nofp/crti.o
                0x0800afc0                _fini
 .fini          0x0800afc4        0x8 D:/Shigoto/Tools/STM32CubeIDE_1.17.0/STM32CubeIDE/plugins/com.st.stm32cube.ide.mcu.externaltools.gnu-tools-for-stm32.13.3.rel1.win32_1.0.0.202411081344/tools/bin/../lib/gcc/arm-none-eabi/13.3.1/thumb/v7-m/nofp/crtn.o
                0x0800afcc                        . = ALIGN (0x4)
                0x0800afcc                        _etext = .

.vfp11_veneer   0x0800afcc        0x0
 .vfp11_veneer  0x0800afcc        0x0 linker stubs

.v4_bx          0x0800afcc        0x0
 .v4_bx         0x0800afcc        0x0 linker stubs

.iplt           0x0800afcc        0x0
 .iplt          0x0800afcc        0x0 D:/Shigoto/Tools/STM32CubeIDE_1.17.0/STM32CubeIDE/plugins/com.st.stm32cube.ide.mcu.externaltools.gnu-tools-for-stm32.13.3.rel1.win32_1.0.0.202411081344/tools/bin/../lib/gcc/arm-none-eabi/13.3.1/thumb/v7-m/nofp/crtbegin.o

.rodata         0x0800afcc     0x1e64
                0x0800afcc                        . = ALIGN (0x4)
 *(.rodata)
 .rodata        0x0800afcc      0x163 ./Core/Src/SDlog.o
 *fill*         0x0800b12f        0x1 
 .rodata        0x0800b130      0x19f ./Core/Src/UI.o
 *fill*         0x0800b2cf        0x1 
 .rodata        0x0800b2d0        0xa ./Core/Src/button.o
 *fill*         0x0800b2da        0x2 
 .rodata        0x0800b2dc       0x19 ./Core/Src/rtime.o
 *fill*         0x0800b2f5        0x3 
 .rodata        0x0800b2f8       0x48 ./Middlewares/Third_Party/FatFs/src/ff.o
 *(.rodata*)
 .rodata.Font7x10
                0x0800b340      0x76c ./Core/Src/fonts.o
 .rodata.Font11x18
                0x0800baac      0xd5c ./Core/Src/fonts.o
 .rodata.init_cmds1
                0x0800c808       0x3b ./Core/Src/st7735.o
 *fill*         0x0800c843        0x1 
 .rodata.init_cmds2
                0x0800c844        0xd ./Core/Src/st7735.o
 *fill*         0x0800c851        0x3 
 .rodata.init_cmds3
                0x0800c854       0x2b ./Core/Src/st7735.o
 *fill*         0x0800c87f        0x1 
 .rodata.AHBPrescTable
                0x0800c880       0x10 ./Core/Src/system_stm32f1xx.o
                0x0800c880                AHBPrescTable
 .rodata.APBPrescTable
                0x0800c890        0x8 ./Core/Src/system_stm32f1xx.o
                0x0800c890                APBPrescTable
 .rodata.aPLLMULFactorTable.1
                0x0800c898       0x10 ./Drivers/STM32F1xx_HAL_Driver/Src/stm32f1xx_hal_rcc.o
 .rodata.aPredivFactorTable.0
                0x0800c8a8        0x2 ./Drivers/STM32F1xx_HAL_Driver/Src/stm32f1xx_hal_rcc.o
 *fill*         0x0800c8aa        0x2 
 .rodata.ExCvt  0x0800c8ac       0x80 ./Middlewares/Third_Party/FatFs/src/ff.o
 .rodata.LfnOfs
                0x0800c92c        0xd ./Middlewares/Third_Party/FatFs/src/ff.o
 *fill*         0x0800c939        0x3 
 .rodata.Tbl    0x0800c93c      0x100 ./Middlewares/Third_Party/FatFs/src/option/ccsbcs.o
 .rodata.tbl_lower.1
                0x0800ca3c      0x1e0 ./Middlewares/Third_Party/FatFs/src/option/ccsbcs.o
 .rodata.tbl_upper.0
                0x0800cc1c      0x1e0 ./Middlewares/Third_Party/FatFs/src/option/ccsbcs.o
 .rodata._svfprintf_r.str1.1
                0x0800cdfc       0x33 D:/Shigoto/Tools/STM32CubeIDE_1.17.0/STM32CubeIDE/plugins/com.st.stm32cube.ide.mcu.externaltools.gnu-tools-for-stm32.13.3.rel1.win32_1.0.0.202411081344/tools/bin/../lib/gcc/arm-none-eabi/13.3.1/../../../../arm-none-eabi/lib/thumb/v7-m/nofp\libc_nano.a(libc_a-nano-svfprintf.o)
                                 0x11 (size before relaxing)
 .rodata._printf_i.str1.1
                0x0800ce2f       0x22 D:/Shigoto/Tools/STM32CubeIDE_1.17.0/STM32CubeIDE/plugins/com.st.stm32cube.ide.mcu.externaltools.gnu-tools-for-stm32.13.3.rel1.win32_1.0.0.202411081344/tools/bin/../lib/gcc/arm-none-eabi/13.3.1/../../../../arm-none-eabi/lib/thumb/v7-m/nofp\libc_nano.a(libc_a-nano-vfprintf_i.o)
                0x0800ce54                        . = ALIGN (0x4)
 *fill*         0x0800ce2f        0x1 

.ARM.extab      0x0800ce30        0x0
                0x0800ce30                        . = ALIGN (0x4)
 *(.ARM.extab* .gnu.linkonce.armextab.*)
                0x0800ce30                        . = ALIGN (0x4)

.ARM            0x0800ce30        0x8
                0x0800ce30                        . = ALIGN (0x4)
                0x0800ce30                        __exidx_start = .
 *(.ARM.exidx*)
 .ARM.exidx     0x0800ce30        0x8 D:/Shigoto/Tools/STM32CubeIDE_1.17.0/STM32CubeIDE/plugins/com.st.stm32cube.ide.mcu.externaltools.gnu-tools-for-stm32.13.3.rel1.win32_1.0.0.202411081344/tools/bin/../lib/gcc/arm-none-eabi/13.3.1/../../../../arm-none-eabi/lib/thumb/v7-m/nofp\libc_nano.a(libc_a-strlen.o)
                0x0800ce38                        __exidx_end = .
                0x0800ce38                        . = ALIGN (0x4)

.preinit_array  0x0800ce38        0x0
                0x0800ce38                        . = ALIGN (0x4)
                0x0800ce38                        PROVIDE (__preinit_array_start = .)
 *(.preinit_array*)
                0x0800ce38                        PROVIDE (__preinit_array_end = .)
                0x0800ce38                        . = ALIGN (0x4)

.init_array     0x0800ce38        0x4
                0x0800ce38                        . = ALIGN (0x4)
                0x0800ce38                        PROVIDE (__init_array_start = .)
 *(SORT_BY_NAME(.init_array.*))
 *(.init_array*)
 .init_array    0x0800ce38        0x4 D:/Shigoto/Tools/STM32CubeIDE_1.17.0/STM32CubeIDE/plugins/com.st.stm32cube.ide.mcu.externaltools.gnu-tools-for-stm32.13.3.rel1.win32_1.0.0.202411081344/tools/bin/../lib/gcc/arm-none-eabi/13.3.1/thumb/v7-m/nofp/crtbegin.o
                0x0800ce3c                        PROVIDE (__init_array_end = .)
                0x0800ce3c                        . = ALIGN (0x4)

.fini_array     0x0800ce3c        0x4
                0x0800ce3c                        . = ALIGN (0x4)
                [!provide]                        PROVIDE (__fini_array_start = .)
 *(SORT_BY_NAME(.fini_array.*))
 *(.fini_array*)
 .fini_array    0x0800ce3c        0x4 D:/Shigoto/Tools/STM32CubeIDE_1.17.0/STM32CubeIDE/plugins/com.st.stm32cube.ide.mcu.externaltools.gnu-tools-for-stm32.13.3.rel1.win32_1.0.0.202411081344/tools/bin/../lib/gcc/arm-none-eabi/13.3.1/thumb/v7-m/nofp/crtbegin.o
                [!provide]                        PROVIDE (__fini_array_end = .)
                0x0800ce40                        . = ALIGN (0x4)
                0x0800ce40                        _sidata = LOADADDR (.data)

.rel.dyn        0x0800ce40        0x0
 .rel.iplt      0x0800ce40        0x0 D:/Shigoto/Tools/STM32CubeIDE_1.17.0/STM32CubeIDE/plugins/com.st.stm32cube.ide.mcu.externaltools.gnu-tools-for-stm32.13.3.rel1.win32_1.0.0.202411081344/tools/bin/../lib/gcc/arm-none-eabi/13.3.1/thumb/v7-m/nofp/crtbegin.o

.data           0x20000000       0xc8 load address 0x0800ce40
                0x20000000                        . = ALIGN (0x4)
                0x20000000                        _sdata = .
 *(.data)
 *(.data*)
 .data.TxData   0x20000000        0x8 ./Core/Src/OBD2.o
                0x20000000                TxData
 .data.pidList  0x20000008        0x8 ./Core/Src/OBD2.o
                0x20000008                pidList
 .data.DTCs     0x20000010        0xe ./Core/Src/OBD2.o
                0x20000010                DTCs
 *fill*         0x2000001e        0x2 
 .data.VIN      0x20000020       0x13 ./Core/Src/OBD2.o
                0x20000020                VIN
 *fill*         0x20000033        0x1 
 .data.menuItems
                0x20000034       0x10 ./Core/Src/UI.o
                0x20000034                menuItems
 .data.Stat     0x20000044        0x1 ./Core/Src/fatfs_sd_card.o
 *fill*         0x20000045        0x3 
 .data.Font_7x10
                0x20000048        0x8 ./Core/Src/fonts.o
                0x20000048                Font_7x10
 .data.Font_11x18
                0x20000050        0x8 ./Core/Src/fonts.o
                0x20000050                Font_11x18
 .data.SystemCoreClock
                0x20000058        0x4 ./Core/Src/system_stm32f1xx.o
                0x20000058                SystemCoreClock
 .data.uwTickPrio
                0x2000005c        0x4 ./Drivers/STM32F1xx_HAL_Driver/Src/stm32f1xx_hal.o
                0x2000005c                uwTickPrio
 .data.uwTickFreq
                0x20000060        0x1 ./Drivers/STM32F1xx_HAL_Driver/Src/stm32f1xx_hal.o
                0x20000060                uwTickFreq
 *fill*         0x20000061        0x3 
 .data.USER_Driver
                0x20000064       0x14 ./FATFS/Target/user_diskio.o
                0x20000064                USER_Driver
 .data._impure_ptr
                0x20000078        0x4 D:/Shigoto/Tools/STM32CubeIDE_1.17.0/STM32CubeIDE/plugins/com.st.stm32cube.ide.mcu.externaltools.gnu-tools-for-stm32.13.3.rel1.win32_1.0.0.202411081344/tools/bin/../lib/gcc/arm-none-eabi/13.3.1/../../../../arm-none-eabi/lib/thumb/v7-m/nofp\libc_nano.a(libc_a-impure.o)
                0x20000078                _impure_ptr
 .data._impure_data
                0x2000007c       0x4c D:/Shigoto/Tools/STM32CubeIDE_1.17.0/STM32CubeIDE/plugins/com.st.stm32cube.ide.mcu.externaltools.gnu-tools-for-stm32.13.3.rel1.win32_1.0.0.202411081344/tools/bin/../lib/gcc/arm-none-eabi/13.3.1/../../../../arm-none-eabi/lib/thumb/v7-m/nofp\libc_nano.a(libc_a-impure.o)
                0x2000007c                _impure_data
 *(.RamFunc)
 *(.RamFunc*)
                0x200000c8                        . = ALIGN (0x4)
                0x200000c8                        _edata = .

.igot.plt       0x200000c8        0x0 load address 0x0800cf08
 .igot.plt      0x200000c8        0x0 D:/Shigoto/Tools/STM32CubeIDE_1.17.0/STM32CubeIDE/plugins/com.st.stm32cube.ide.mcu.externaltools.gnu-tools-for-stm32.13.3.rel1.win32_1.0.0.202411081344/tools/bin/../lib/gcc/arm-none-eabi/13.3.1/thumb/v7-m/nofp/crtbegin.o
                0x200000c8                        . = ALIGN (0x4)

.bss            0x200000c8     0x26b4 load address 0x0800cf08
                0x200000c8                        _sbss = .
                0x200000c8                        __bss_start__ = _sbss
 *(.bss)
 .bss           0x200000c8       0x1c D:/Shigoto/Tools/STM32CubeIDE_1.17.0/STM32CubeIDE/plugins/com.st.stm32cube.ide.mcu.externaltools.gnu-tools-for-stm32.13.3.rel1.win32_1.0.0.202411081344/tools/bin/../lib/gcc/arm-none-eabi/13.3.1/thumb/v7-m/nofp/crtbegin.o
 *(.bss*)
 .bss.TxHeader  0x200000e4       0x18 ./Core/Src/OBD2.o
                0x200000e4                TxHeader
 .bss.RxHeader  0x200000fc       0x1c ./Core/Src/OBD2.o
                0x200000fc                RxHeader
 .bss.RxData    0x20000118        0x8 ./Core/Src/OBD2.o
                0x20000118                RxData
 .bss.TxMailbox
                0x20000120        0x4 ./Core/Src/OBD2.o
                0x20000120                TxMailbox
 .bss.ObdII_FilterConfig
                0x20000124       0x28 ./Core/Src/OBD2.o
                0x20000124                ObdII_FilterConfig
 .bss.Speed     0x2000014c        0x1 ./Core/Src/OBD2.o
                0x2000014c                Speed
 *fill*         0x2000014d        0x1 
 .bss.RPM       0x2000014e        0x2 ./Core/Src/OBD2.o
                0x2000014e                RPM
 .bss.inTakeAir
                0x20000150        0x1 ./Core/Src/OBD2.o
                0x20000150                inTakeAir
 .bss.ThrPos    0x20000151        0x1 ./Core/Src/OBD2.o
                0x20000151                ThrPos
 .bss.EngineLoad
                0x20000152        0x1 ./Core/Src/OBD2.o
                0x20000152                EngineLoad
 .bss.CoolantTemp
                0x20000153        0x1 ./Core/Src/OBD2.o
                0x20000153                CoolantTemp
 .bss.MassAirFlow
                0x20000154        0x2 ./Core/Src/OBD2.o
                0x20000154                MassAirFlow
 .bss.FuelLevel
                0x20000156        0x1 ./Core/Src/OBD2.o
                0x20000156                FuelLevel
 .bss.pidIndex  0x20000157        0x1 ./Core/Src/OBD2.o
                0x20000157                pidIndex
 .bss.init_OK   0x20000158        0x1 ./Core/Src/OBD2.o
                0x20000158                init_OK
 .bss.initiating
                0x20000159        0x1 ./Core/Src/OBD2.o
                0x20000159                initiating
 *fill*         0x2000015a        0x2 
 .bss.spPids    0x2000015c        0x4 ./Core/Src/OBD2.o
                0x2000015c                spPids
 .bss.DTC_COUNT
                0x20000160        0x1 ./Core/Src/OBD2.o
                0x20000160                DTC_COUNT
 .bss.totalPayloadLength
                0x20000161        0x1 ./Core/Src/OBD2.o
                0x20000161                totalPayloadLength
 .bss.dtcIndex  0x20000162        0x1 ./Core/Src/OBD2.o
                0x20000162                dtcIndex
 .bss.vinIndex  0x20000163        0x1 ./Core/Src/OBD2.o
                0x20000163                vinIndex
 .bss.fs        0x20000164     0x1030 ./Core/Src/SDlog.o
 .bss.file      0x20001194     0x102c ./Core/Src/SDlog.o
 .bss.line      0x200021c0       0x80 ./Core/Src/SDlog.o
 .bss.fres      0x20002240        0x1 ./Core/Src/SDlog.o
 *fill*         0x20002241        0x3 
 .bss.bw        0x20002244        0x4 ./Core/Src/SDlog.o
 .bss.isFileOpen
                0x20002248        0x1 ./Core/Src/SDlog.o
 .bss.currentMenu
                0x20002249        0x1 ./Core/Src/UI.o
                0x20002249                currentMenu
 .bss.currentPage
                0x2000224a        0x1 ./Core/Src/UI.o
                0x2000224a                currentPage
 .bss.selectedIndex
                0x2000224b        0x1 ./Core/Src/UI.o
                0x2000224b                selectedIndex
 .bss.showingData
                0x2000224c        0x1 ./Core/Src/UI.o
                0x2000224c                showingData
 .bss.isLogging
                0x2000224d        0x1 ./Core/Src/UI.o
                0x2000224d                isLogging
 *fill*         0x2000224e        0x2 
 .bss.last_press_time.0
                0x20002250        0x4 ./Core/Src/button.o
 .bss.Timer1    0x20002254        0x2 ./Core/Src/fatfs_sd_card.o
                0x20002254                Timer1
 .bss.Timer2    0x20002256        0x2 ./Core/Src/fatfs_sd_card.o
                0x20002256                Timer2
 .bss.CardType  0x20002258        0x1 ./Core/Src/fatfs_sd_card.o
 .bss.PowerFlag
                0x20002259        0x1 ./Core/Src/fatfs_sd_card.o
 *fill*         0x2000225a        0x2 
 .bss.hcan      0x2000225c       0x28 ./Core/Src/main.o
                0x2000225c                hcan
 .bss.hi2c1     0x20002284       0x54 ./Core/Src/main.o
                0x20002284                hi2c1
 .bss.hspi1     0x200022d8       0x58 ./Core/Src/main.o
                0x200022d8                hspi1
 .bss.hspi2     0x20002330       0x58 ./Core/Src/main.o
                0x20002330                hspi2
 .bss.huart1    0x20002388       0x48 ./Core/Src/main.o
                0x20002388                huart1
 .bss.lastCANtick
                0x200023d0        0x4 ./Core/Src/main.o
                0x200023d0                lastCANtick
 .bss.lastShowTick
                0x200023d4        0x4 ./Core/Src/main.o
                0x200023d4                lastShowTick
 .bss.lastLogTick
                0x200023d8        0x4 ./Core/Src/main.o
                0x200023d8                lastLogTick
 .bss.lastTimeTick
                0x200023dc        0x4 ./Core/Src/main.o
                0x200023dc                lastTimeTick
 .bss.ds1307    0x200023e0        0xc ./Core/Src/main.o
                0x200023e0                ds1307
 .bss.ds1307_prev
                0x200023ec        0xc ./Core/Src/main.o
                0x200023ec                ds1307_prev
 .bss.__sbrk_heap_end
                0x200023f8        0x4 ./Core/Src/sysmem.o
 .bss.uwTick    0x200023fc        0x4 ./Drivers/STM32F1xx_HAL_Driver/Src/stm32f1xx_hal.o
                0x200023fc                uwTick
 .bss.retUSER   0x20002400        0x1 ./FATFS/App/fatfs.o
                0x20002400                retUSER
 *fill*         0x20002401        0x3 
 .bss.USERPath  0x20002404        0x4 ./FATFS/App/fatfs.o
                0x20002404                USERPath
 .bss.FatFs     0x20002408        0x4 ./Middlewares/Third_Party/FatFs/src/ff.o
 .bss.Fsid      0x2000240c        0x2 ./Middlewares/Third_Party/FatFs/src/ff.o
 *fill*         0x2000240e        0x2 
 .bss.Files     0x20002410       0x18 ./Middlewares/Third_Party/FatFs/src/ff.o
 .bss.LfnBuf    0x20002428      0x200 ./Middlewares/Third_Party/FatFs/src/ff.o
 .bss.disk      0x20002628        0xc ./Middlewares/Third_Party/FatFs/src/ff_gen_drv.o
                0x20002628                disk
 .bss.__malloc_sbrk_start
                0x20002634        0x4 D:/Shigoto/Tools/STM32CubeIDE_1.17.0/STM32CubeIDE/plugins/com.st.stm32cube.ide.mcu.externaltools.gnu-tools-for-stm32.13.3.rel1.win32_1.0.0.202411081344/tools/bin/../lib/gcc/arm-none-eabi/13.3.1/../../../../arm-none-eabi/lib/thumb/v7-m/nofp\libc_nano.a(libc_a-mallocr.o)
                0x20002634                __malloc_sbrk_start
 .bss.__malloc_free_list
                0x20002638        0x4 D:/Shigoto/Tools/STM32CubeIDE_1.17.0/STM32CubeIDE/plugins/com.st.stm32cube.ide.mcu.externaltools.gnu-tools-for-stm32.13.3.rel1.win32_1.0.0.202411081344/tools/bin/../lib/gcc/arm-none-eabi/13.3.1/../../../../arm-none-eabi/lib/thumb/v7-m/nofp\libc_nano.a(libc_a-mallocr.o)
                0x20002638                __malloc_free_list
 .bss.__sf      0x2000263c      0x138 D:/Shigoto/Tools/STM32CubeIDE_1.17.0/STM32CubeIDE/plugins/com.st.stm32cube.ide.mcu.externaltools.gnu-tools-for-stm32.13.3.rel1.win32_1.0.0.202411081344/tools/bin/../lib/gcc/arm-none-eabi/13.3.1/../../../../arm-none-eabi/lib/thumb/v7-m/nofp\libc_nano.a(libc_a-findfp.o)
                0x2000263c                __sf
 .bss.errno     0x20002774        0x4 D:/Shigoto/Tools/STM32CubeIDE_1.17.0/STM32CubeIDE/plugins/com.st.stm32cube.ide.mcu.externaltools.gnu-tools-for-stm32.13.3.rel1.win32_1.0.0.202411081344/tools/bin/../lib/gcc/arm-none-eabi/13.3.1/../../../../arm-none-eabi/lib/thumb/v7-m/nofp\libc_nano.a(libc_a-reent.o)
                0x20002774                errno
 .bss.__lock___malloc_recursive_mutex
                0x20002778        0x1 D:/Shigoto/Tools/STM32CubeIDE_1.17.0/STM32CubeIDE/plugins/com.st.stm32cube.ide.mcu.externaltools.gnu-tools-for-stm32.13.3.rel1.win32_1.0.0.202411081344/tools/bin/../lib/gcc/arm-none-eabi/13.3.1/../../../../arm-none-eabi/lib/thumb/v7-m/nofp\libc_nano.a(libc_a-lock.o)
                0x20002778                __lock___malloc_recursive_mutex
 *(COMMON)
                0x2000277c                        . = ALIGN (0x4)
 *fill*         0x20002779        0x3 
                0x2000277c                        _ebss = .
                0x2000277c                        __bss_end__ = _ebss

._user_heap_stack
                0x2000277c      0x604 load address 0x0800cf08
                0x20002780                        . = ALIGN (0x8)
 *fill*         0x2000277c        0x4 
                [!provide]                        PROVIDE (end = .)
                0x20002780                        PROVIDE (_end = .)
                0x20002980                        . = (. + _Min_Heap_Size)
 *fill*         0x20002780      0x200 
                0x20002d80                        . = (. + _Min_Stack_Size)
 *fill*         0x20002980      0x400 
                0x20002d80                        . = ALIGN (0x8)

/DISCARD/
 libc.a(*)
 libm.a(*)
 libgcc.a(*)

.ARM.attributes
                0x00000000       0x29
 *(.ARM.attributes)
 .ARM.attributes
                0x00000000       0x1d D:/Shigoto/Tools/STM32CubeIDE_1.17.0/STM32CubeIDE/plugins/com.st.stm32cube.ide.mcu.externaltools.gnu-tools-for-stm32.13.3.rel1.win32_1.0.0.202411081344/tools/bin/../lib/gcc/arm-none-eabi/13.3.1/thumb/v7-m/nofp/crti.o
 .ARM.attributes
                0x0000001d       0x2d D:/Shigoto/Tools/STM32CubeIDE_1.17.0/STM32CubeIDE/plugins/com.st.stm32cube.ide.mcu.externaltools.gnu-tools-for-stm32.13.3.rel1.win32_1.0.0.202411081344/tools/bin/../lib/gcc/arm-none-eabi/13.3.1/thumb/v7-m/nofp/crtbegin.o
 .ARM.attributes
                0x0000004a       0x2d ./Core/Src/OBD2.o
 .ARM.attributes
                0x00000077       0x2d ./Core/Src/SDlog.o
 .ARM.attributes
                0x000000a4       0x2d ./Core/Src/UI.o
 .ARM.attributes
                0x000000d1       0x2d ./Core/Src/button.o
 .ARM.attributes
                0x000000fe       0x2d ./Core/Src/ds1307.o
 .ARM.attributes
                0x0000012b       0x2d ./Core/Src/fatfs_sd_card.o
 .ARM.attributes
                0x00000158       0x2d ./Core/Src/fonts.o
 .ARM.attributes
                0x00000185       0x2d ./Core/Src/main.o
 .ARM.attributes
                0x000001b2       0x2d ./Core/Src/rtime.o
 .ARM.attributes
                0x000001df       0x2d ./Core/Src/st7735.o
 .ARM.attributes
                0x0000020c       0x2d ./Core/Src/stm32f1xx_hal_msp.o
 .ARM.attributes
                0x00000239       0x2d ./Core/Src/stm32f1xx_it.o
 .ARM.attributes
                0x00000266       0x2d ./Core/Src/sysmem.o
 .ARM.attributes
                0x00000293       0x2d ./Core/Src/system_stm32f1xx.o
 .ARM.attributes
                0x000002c0       0x21 ./Core/Startup/startup_stm32f103c8tx.o
 .ARM.attributes
                0x000002e1       0x2d ./Drivers/STM32F1xx_HAL_Driver/Src/stm32f1xx_hal.o
 .ARM.attributes
                0x0000030e       0x2d ./Drivers/STM32F1xx_HAL_Driver/Src/stm32f1xx_hal_can.o
 .ARM.attributes
                0x0000033b       0x2d ./Drivers/STM32F1xx_HAL_Driver/Src/stm32f1xx_hal_cortex.o
 .ARM.attributes
                0x00000368       0x2d ./Drivers/STM32F1xx_HAL_Driver/Src/stm32f1xx_hal_gpio.o
 .ARM.attributes
                0x00000395       0x2d ./Drivers/STM32F1xx_HAL_Driver/Src/stm32f1xx_hal_i2c.o
 .ARM.attributes
                0x000003c2       0x2d ./Drivers/STM32F1xx_HAL_Driver/Src/stm32f1xx_hal_rcc.o
 .ARM.attributes
                0x000003ef       0x2d ./Drivers/STM32F1xx_HAL_Driver/Src/stm32f1xx_hal_rcc_ex.o
 .ARM.attributes
                0x0000041c       0x2d ./Drivers/STM32F1xx_HAL_Driver/Src/stm32f1xx_hal_spi.o
 .ARM.attributes
                0x00000449       0x2d ./Drivers/STM32F1xx_HAL_Driver/Src/stm32f1xx_hal_uart.o
 .ARM.attributes
                0x00000476       0x2d ./FATFS/App/fatfs.o
 .ARM.attributes
                0x000004a3       0x2d ./FATFS/Target/user_diskio.o
 .ARM.attributes
                0x000004d0       0x2d ./Middlewares/Third_Party/FatFs/src/diskio.o
 .ARM.attributes
                0x000004fd       0x2d ./Middlewares/Third_Party/FatFs/src/ff.o
 .ARM.attributes
                0x0000052a       0x2d ./Middlewares/Third_Party/FatFs/src/ff_gen_drv.o
 .ARM.attributes
                0x00000557       0x2d ./Middlewares/Third_Party/FatFs/src/option/ccsbcs.o
 .ARM.attributes
                0x00000584       0x2d D:/Shigoto/Tools/STM32CubeIDE_1.17.0/STM32CubeIDE/plugins/com.st.stm32cube.ide.mcu.externaltools.gnu-tools-for-stm32.13.3.rel1.win32_1.0.0.202411081344/tools/bin/../lib/gcc/arm-none-eabi/13.3.1/../../../../arm-none-eabi/lib/thumb/v7-m/nofp\libc_nano.a(libc_a-mallocr.o)
 .ARM.attributes
                0x000005b1       0x2d D:/Shigoto/Tools/STM32CubeIDE_1.17.0/STM32CubeIDE/plugins/com.st.stm32cube.ide.mcu.externaltools.gnu-tools-for-stm32.13.3.rel1.win32_1.0.0.202411081344/tools/bin/../lib/gcc/arm-none-eabi/13.3.1/../../../../arm-none-eabi/lib/thumb/v7-m/nofp\libc_nano.a(libc_a-mlock.o)
 .ARM.attributes
                0x000005de       0x2d D:/Shigoto/Tools/STM32CubeIDE_1.17.0/STM32CubeIDE/plugins/com.st.stm32cube.ide.mcu.externaltools.gnu-tools-for-stm32.13.3.rel1.win32_1.0.0.202411081344/tools/bin/../lib/gcc/arm-none-eabi/13.3.1/../../../../arm-none-eabi/lib/thumb/v7-m/nofp\libc_nano.a(libc_a-findfp.o)
 .ARM.attributes
                0x0000060b       0x2d D:/Shigoto/Tools/STM32CubeIDE_1.17.0/STM32CubeIDE/plugins/com.st.stm32cube.ide.mcu.externaltools.gnu-tools-for-stm32.13.3.rel1.win32_1.0.0.202411081344/tools/bin/../lib/gcc/arm-none-eabi/13.3.1/../../../../arm-none-eabi/lib/thumb/v7-m/nofp\libc_nano.a(libc_a-sprintf.o)
 .ARM.attributes
                0x00000638       0x2d D:/Shigoto/Tools/STM32CubeIDE_1.17.0/STM32CubeIDE/plugins/com.st.stm32cube.ide.mcu.externaltools.gnu-tools-for-stm32.13.3.rel1.win32_1.0.0.202411081344/tools/bin/../lib/gcc/arm-none-eabi/13.3.1/../../../../arm-none-eabi/lib/thumb/v7-m/nofp\libc_nano.a(libc_a-memset.o)
 .ARM.attributes
                0x00000665       0x2d D:/Shigoto/Tools/STM32CubeIDE_1.17.0/STM32CubeIDE/plugins/com.st.stm32cube.ide.mcu.externaltools.gnu-tools-for-stm32.13.3.rel1.win32_1.0.0.202411081344/tools/bin/../lib/gcc/arm-none-eabi/13.3.1/../../../../arm-none-eabi/lib/thumb/v7-m/nofp\libc_nano.a(libc_a-reent.o)
 .ARM.attributes
                0x00000692       0x2d D:/Shigoto/Tools/STM32CubeIDE_1.17.0/STM32CubeIDE/plugins/com.st.stm32cube.ide.mcu.externaltools.gnu-tools-for-stm32.13.3.rel1.win32_1.0.0.202411081344/tools/bin/../lib/gcc/arm-none-eabi/13.3.1/../../../../arm-none-eabi/lib/thumb/v7-m/nofp\libc_nano.a(libc_a-impure.o)
 .ARM.attributes
                0x000006bf       0x2d D:/Shigoto/Tools/STM32CubeIDE_1.17.0/STM32CubeIDE/plugins/com.st.stm32cube.ide.mcu.externaltools.gnu-tools-for-stm32.13.3.rel1.win32_1.0.0.202411081344/tools/bin/../lib/gcc/arm-none-eabi/13.3.1/../../../../arm-none-eabi/lib/thumb/v7-m/nofp\libc_nano.a(libc_a-sbrkr.o)
 .ARM.attributes
                0x000006ec       0x2d D:/Shigoto/Tools/STM32CubeIDE_1.17.0/STM32CubeIDE/plugins/com.st.stm32cube.ide.mcu.externaltools.gnu-tools-for-stm32.13.3.rel1.win32_1.0.0.202411081344/tools/bin/../lib/gcc/arm-none-eabi/13.3.1/../../../../arm-none-eabi/lib/thumb/v7-m/nofp\libc_nano.a(libc_a-errno.o)
 .ARM.attributes
                0x00000719       0x2d D:/Shigoto/Tools/STM32CubeIDE_1.17.0/STM32CubeIDE/plugins/com.st.stm32cube.ide.mcu.externaltools.gnu-tools-for-stm32.13.3.rel1.win32_1.0.0.202411081344/tools/bin/../lib/gcc/arm-none-eabi/13.3.1/../../../../arm-none-eabi/lib/thumb/v7-m/nofp\libc_nano.a(libc_a-init.o)
 .ARM.attributes
                0x00000746       0x2d D:/Shigoto/Tools/STM32CubeIDE_1.17.0/STM32CubeIDE/plugins/com.st.stm32cube.ide.mcu.externaltools.gnu-tools-for-stm32.13.3.rel1.win32_1.0.0.202411081344/tools/bin/../lib/gcc/arm-none-eabi/13.3.1/../../../../arm-none-eabi/lib/thumb/v7-m/nofp\libc_nano.a(libc_a-lock.o)
 .ARM.attributes
                0x00000773       0x2d D:/Shigoto/Tools/STM32CubeIDE_1.17.0/STM32CubeIDE/plugins/com.st.stm32cube.ide.mcu.externaltools.gnu-tools-for-stm32.13.3.rel1.win32_1.0.0.202411081344/tools/bin/../lib/gcc/arm-none-eabi/13.3.1/../../../../arm-none-eabi/lib/thumb/v7-m/nofp\libc_nano.a(libc_a-memcpy-stub.o)
 .ARM.attributes
                0x000007a0       0x17 D:/Shigoto/Tools/STM32CubeIDE_1.17.0/STM32CubeIDE/plugins/com.st.stm32cube.ide.mcu.externaltools.gnu-tools-for-stm32.13.3.rel1.win32_1.0.0.202411081344/tools/bin/../lib/gcc/arm-none-eabi/13.3.1/../../../../arm-none-eabi/lib/thumb/v7-m/nofp\libc_nano.a(libc_a-strlen.o)
 .ARM.attributes
                0x000007b7       0x2d D:/Shigoto/Tools/STM32CubeIDE_1.17.0/STM32CubeIDE/plugins/com.st.stm32cube.ide.mcu.externaltools.gnu-tools-for-stm32.13.3.rel1.win32_1.0.0.202411081344/tools/bin/../lib/gcc/arm-none-eabi/13.3.1/../../../../arm-none-eabi/lib/thumb/v7-m/nofp\libc_nano.a(libc_a-freer.o)
 .ARM.attributes
                0x000007e4       0x2d D:/Shigoto/Tools/STM32CubeIDE_1.17.0/STM32CubeIDE/plugins/com.st.stm32cube.ide.mcu.externaltools.gnu-tools-for-stm32.13.3.rel1.win32_1.0.0.202411081344/tools/bin/../lib/gcc/arm-none-eabi/13.3.1/../../../../arm-none-eabi/lib/thumb/v7-m/nofp\libc_nano.a(libc_a-nano-svfprintf.o)
 .ARM.attributes
                0x00000811       0x2d D:/Shigoto/Tools/STM32CubeIDE_1.17.0/STM32CubeIDE/plugins/com.st.stm32cube.ide.mcu.externaltools.gnu-tools-for-stm32.13.3.rel1.win32_1.0.0.202411081344/tools/bin/../lib/gcc/arm-none-eabi/13.3.1/../../../../arm-none-eabi/lib/thumb/v7-m/nofp\libc_nano.a(libc_a-nano-vfprintf_i.o)
 .ARM.attributes
                0x0000083e       0x2d D:/Shigoto/Tools/STM32CubeIDE_1.17.0/STM32CubeIDE/plugins/com.st.stm32cube.ide.mcu.externaltools.gnu-tools-for-stm32.13.3.rel1.win32_1.0.0.202411081344/tools/bin/../lib/gcc/arm-none-eabi/13.3.1/../../../../arm-none-eabi/lib/thumb/v7-m/nofp\libc_nano.a(libc_a-memmove.o)
 .ARM.attributes
                0x0000086b       0x2d D:/Shigoto/Tools/STM32CubeIDE_1.17.0/STM32CubeIDE/plugins/com.st.stm32cube.ide.mcu.externaltools.gnu-tools-for-stm32.13.3.rel1.win32_1.0.0.202411081344/tools/bin/../lib/gcc/arm-none-eabi/13.3.1/../../../../arm-none-eabi/lib/thumb/v7-m/nofp\libc_nano.a(libc_a-memchr-stub.o)
 .ARM.attributes
                0x00000898       0x2d D:/Shigoto/Tools/STM32CubeIDE_1.17.0/STM32CubeIDE/plugins/com.st.stm32cube.ide.mcu.externaltools.gnu-tools-for-stm32.13.3.rel1.win32_1.0.0.202411081344/tools/bin/../lib/gcc/arm-none-eabi/13.3.1/../../../../arm-none-eabi/lib/thumb/v7-m/nofp\libc_nano.a(libc_a-reallocr.o)
 .ARM.attributes
                0x000008c5       0x2d D:/Shigoto/Tools/STM32CubeIDE_1.17.0/STM32CubeIDE/plugins/com.st.stm32cube.ide.mcu.externaltools.gnu-tools-for-stm32.13.3.rel1.win32_1.0.0.202411081344/tools/bin/../lib/gcc/arm-none-eabi/13.3.1/../../../../arm-none-eabi/lib/thumb/v7-m/nofp\libc_nano.a(libc_a-msizer.o)
 .ARM.attributes
                0x000008f2       0x1d D:/Shigoto/Tools/STM32CubeIDE_1.17.0/STM32CubeIDE/plugins/com.st.stm32cube.ide.mcu.externaltools.gnu-tools-for-stm32.13.3.rel1.win32_1.0.0.202411081344/tools/bin/../lib/gcc/arm-none-eabi/13.3.1/thumb/v7-m/nofp/crtn.o
OUTPUT(DA1_code_v2.elf elf32-littlearm)
LOAD linker stubs
LOAD D:/Shigoto/Tools/STM32CubeIDE_1.17.0/STM32CubeIDE/plugins/com.st.stm32cube.ide.mcu.externaltools.gnu-tools-for-stm32.13.3.rel1.win32_1.0.0.202411081344/tools/bin/../lib/gcc/arm-none-eabi/13.3.1/../../../../arm-none-eabi/lib/thumb/v7-m/nofp\libc.a
LOAD D:/Shigoto/Tools/STM32CubeIDE_1.17.0/STM32CubeIDE/plugins/com.st.stm32cube.ide.mcu.externaltools.gnu-tools-for-stm32.13.3.rel1.win32_1.0.0.202411081344/tools/bin/../lib/gcc/arm-none-eabi/13.3.1/../../../../arm-none-eabi/lib/thumb/v7-m/nofp\libm.a
LOAD D:/Shigoto/Tools/STM32CubeIDE_1.17.0/STM32CubeIDE/plugins/com.st.stm32cube.ide.mcu.externaltools.gnu-tools-for-stm32.13.3.rel1.win32_1.0.0.202411081344/tools/bin/../lib/gcc/arm-none-eabi/13.3.1/thumb/v7-m/nofp\libgcc.a

.debug_info     0x00000000    0x15475
 .debug_info    0x00000000      0xb95 ./Core/Src/OBD2.o
 .debug_info    0x00000b95      0xfbf ./Core/Src/SDlog.o
 .debug_info    0x00001b54      0x74b ./Core/Src/UI.o
 .debug_info    0x0000229f      0x28a ./Core/Src/button.o
 .debug_info    0x00002529      0x7b3 ./Core/Src/ds1307.o
 .debug_info    0x00002cdc      0xbb2 ./Core/Src/fatfs_sd_card.o
 .debug_info    0x0000388e      0x19a ./Core/Src/fonts.o
 .debug_info    0x00003a28     0x197c ./Core/Src/main.o
 .debug_info    0x000053a4      0x6ea ./Core/Src/rtime.o
 .debug_info    0x00005a8e      0xc4e ./Core/Src/st7735.o
 .debug_info    0x000066dc     0x1433 ./Core/Src/stm32f1xx_hal_msp.o
 .debug_info    0x00007b0f      0x56a ./Core/Src/stm32f1xx_it.o
 .debug_info    0x00008079      0x168 ./Core/Src/sysmem.o
 .debug_info    0x000081e1      0x222 ./Core/Src/system_stm32f1xx.o
 .debug_info    0x00008403       0x30 ./Core/Startup/startup_stm32f103c8tx.o
 .debug_info    0x00008433      0x704 ./Drivers/STM32F1xx_HAL_Driver/Src/stm32f1xx_hal.o
 .debug_info    0x00008b37      0xf13 ./Drivers/STM32F1xx_HAL_Driver/Src/stm32f1xx_hal_can.o
 .debug_info    0x00009a4a      0xa87 ./Drivers/STM32F1xx_HAL_Driver/Src/stm32f1xx_hal_cortex.o
 .debug_info    0x0000a4d1      0x5ab ./Drivers/STM32F1xx_HAL_Driver/Src/stm32f1xx_hal_gpio.o
 .debug_info    0x0000aa7c     0x2524 ./Drivers/STM32F1xx_HAL_Driver/Src/stm32f1xx_hal_i2c.o
 .debug_info    0x0000cfa0      0x7d5 ./Drivers/STM32F1xx_HAL_Driver/Src/stm32f1xx_hal_rcc.o
 .debug_info    0x0000d775      0x3c0 ./Drivers/STM32F1xx_HAL_Driver/Src/stm32f1xx_hal_rcc_ex.o
 .debug_info    0x0000db35     0x142d ./Drivers/STM32F1xx_HAL_Driver/Src/stm32f1xx_hal_spi.o
 .debug_info    0x0000ef62     0x2eed ./Drivers/STM32F1xx_HAL_Driver/Src/stm32f1xx_hal_uart.o
 .debug_info    0x00011e4f      0x4dd ./FATFS/App/fatfs.o
 .debug_info    0x0001232c      0x3a5 ./FATFS/Target/user_diskio.o
 .debug_info    0x000126d1      0x3da ./Middlewares/Third_Party/FatFs/src/diskio.o
 .debug_info    0x00012aab     0x24dd ./Middlewares/Third_Party/FatFs/src/ff.o
 .debug_info    0x00014f88      0x37a ./Middlewares/Third_Party/FatFs/src/ff_gen_drv.o
 .debug_info    0x00015302      0x173 ./Middlewares/Third_Party/FatFs/src/option/ccsbcs.o

.debug_abbrev   0x00000000     0x39f7
 .debug_abbrev  0x00000000      0x239 ./Core/Src/OBD2.o
 .debug_abbrev  0x00000239      0x2a5 ./Core/Src/SDlog.o
 .debug_abbrev  0x000004de      0x1de ./Core/Src/UI.o
 .debug_abbrev  0x000006bc      0x12f ./Core/Src/button.o
 .debug_abbrev  0x000007eb      0x1c2 ./Core/Src/ds1307.o
 .debug_abbrev  0x000009ad      0x302 ./Core/Src/fatfs_sd_card.o
 .debug_abbrev  0x00000caf       0xb3 ./Core/Src/fonts.o
 .debug_abbrev  0x00000d62      0x375 ./Core/Src/main.o
 .debug_abbrev  0x000010d7      0x16d ./Core/Src/rtime.o
 .debug_abbrev  0x00001244      0x2be ./Core/Src/st7735.o
 .debug_abbrev  0x00001502      0x24f ./Core/Src/stm32f1xx_hal_msp.o
 .debug_abbrev  0x00001751      0x191 ./Core/Src/stm32f1xx_it.o
 .debug_abbrev  0x000018e2       0xbc ./Core/Src/sysmem.o
 .debug_abbrev  0x0000199e      0x13f ./Core/Src/system_stm32f1xx.o
 .debug_abbrev  0x00001add       0x24 ./Core/Startup/startup_stm32f103c8tx.o
 .debug_abbrev  0x00001b01      0x201 ./Drivers/STM32F1xx_HAL_Driver/Src/stm32f1xx_hal.o
 .debug_abbrev  0x00001d02      0x21c ./Drivers/STM32F1xx_HAL_Driver/Src/stm32f1xx_hal_can.o
 .debug_abbrev  0x00001f1e      0x2f8 ./Drivers/STM32F1xx_HAL_Driver/Src/stm32f1xx_hal_cortex.o
 .debug_abbrev  0x00002216      0x1ca ./Drivers/STM32F1xx_HAL_Driver/Src/stm32f1xx_hal_gpio.o
 .debug_abbrev  0x000023e0      0x2a3 ./Drivers/STM32F1xx_HAL_Driver/Src/stm32f1xx_hal_i2c.o
 .debug_abbrev  0x00002683      0x2b3 ./Drivers/STM32F1xx_HAL_Driver/Src/stm32f1xx_hal_rcc.o
 .debug_abbrev  0x00002936      0x188 ./Drivers/STM32F1xx_HAL_Driver/Src/stm32f1xx_hal_rcc_ex.o
 .debug_abbrev  0x00002abe      0x27a ./Drivers/STM32F1xx_HAL_Driver/Src/stm32f1xx_hal_spi.o
 .debug_abbrev  0x00002d38      0x2f8 ./Drivers/STM32F1xx_HAL_Driver/Src/stm32f1xx_hal_uart.o
 .debug_abbrev  0x00003030      0x1a8 ./FATFS/App/fatfs.o
 .debug_abbrev  0x000031d8      0x144 ./FATFS/Target/user_diskio.o
 .debug_abbrev  0x0000331c      0x181 ./Middlewares/Third_Party/FatFs/src/diskio.o
 .debug_abbrev  0x0000349d      0x2e6 ./Middlewares/Third_Party/FatFs/src/ff.o
 .debug_abbrev  0x00003783      0x19f ./Middlewares/Third_Party/FatFs/src/ff_gen_drv.o
 .debug_abbrev  0x00003922       0xd5 ./Middlewares/Third_Party/FatFs/src/option/ccsbcs.o

.debug_aranges  0x00000000     0x12c8
 .debug_aranges
                0x00000000       0x68 ./Core/Src/OBD2.o
 .debug_aranges
                0x00000068       0x40 ./Core/Src/SDlog.o
 .debug_aranges
                0x000000a8       0x90 ./Core/Src/UI.o
 .debug_aranges
                0x00000138       0x20 ./Core/Src/button.o
 .debug_aranges
                0x00000158       0x48 ./Core/Src/ds1307.o
 .debug_aranges
                0x000001a0       0xa8 ./Core/Src/fatfs_sd_card.o
 .debug_aranges
                0x00000248       0x18 ./Core/Src/fonts.o
 .debug_aranges
                0x00000260       0x78 ./Core/Src/main.o
 .debug_aranges
                0x000002d8       0x28 ./Core/Src/rtime.o
 .debug_aranges
                0x00000300       0xa8 ./Core/Src/st7735.o
 .debug_aranges
                0x000003a8       0x60 ./Core/Src/stm32f1xx_hal_msp.o
 .debug_aranges
                0x00000408       0x78 ./Core/Src/stm32f1xx_it.o
 .debug_aranges
                0x00000480       0x20 ./Core/Src/sysmem.o
 .debug_aranges
                0x000004a0       0x28 ./Core/Src/system_stm32f1xx.o
 .debug_aranges
                0x000004c8       0x28 ./Core/Startup/startup_stm32f103c8tx.o
 .debug_aranges
                0x000004f0       0xe0 ./Drivers/STM32F1xx_HAL_Driver/Src/stm32f1xx_hal.o
 .debug_aranges
                0x000005d0      0x138 ./Drivers/STM32F1xx_HAL_Driver/Src/stm32f1xx_hal_can.o
 .debug_aranges
                0x00000708      0x100 ./Drivers/STM32F1xx_HAL_Driver/Src/stm32f1xx_hal_cortex.o
 .debug_aranges
                0x00000808       0x58 ./Drivers/STM32F1xx_HAL_Driver/Src/stm32f1xx_hal_gpio.o
 .debug_aranges
                0x00000860      0x2a8 ./Drivers/STM32F1xx_HAL_Driver/Src/stm32f1xx_hal_i2c.o
 .debug_aranges
                0x00000b08       0x90 ./Drivers/STM32F1xx_HAL_Driver/Src/stm32f1xx_hal_rcc.o
 .debug_aranges
                0x00000b98       0x30 ./Drivers/STM32F1xx_HAL_Driver/Src/stm32f1xx_hal_rcc_ex.o
 .debug_aranges
                0x00000bc8      0x1d0 ./Drivers/STM32F1xx_HAL_Driver/Src/stm32f1xx_hal_spi.o
 .debug_aranges
                0x00000d98      0x208 ./Drivers/STM32F1xx_HAL_Driver/Src/stm32f1xx_hal_uart.o
 .debug_aranges
                0x00000fa0       0x28 ./FATFS/App/fatfs.o
 .debug_aranges
                0x00000fc8       0x40 ./FATFS/Target/user_diskio.o
 .debug_aranges
                0x00001008       0x48 ./Middlewares/Third_Party/FatFs/src/diskio.o
 .debug_aranges
                0x00001050      0x210 ./Middlewares/Third_Party/FatFs/src/ff.o
 .debug_aranges
                0x00001260       0x40 ./Middlewares/Third_Party/FatFs/src/ff_gen_drv.o
 .debug_aranges
                0x000012a0       0x28 ./Middlewares/Third_Party/FatFs/src/option/ccsbcs.o

.debug_rnglists
                0x00000000      0xe71
 .debug_rnglists
                0x00000000       0x4c ./Core/Src/OBD2.o
 .debug_rnglists
                0x0000004c       0x2e ./Core/Src/SDlog.o
 .debug_rnglists
                0x0000007a       0x71 ./Core/Src/UI.o
 .debug_rnglists
                0x000000eb       0x14 ./Core/Src/button.o
 .debug_rnglists
                0x000000ff       0x33 ./Core/Src/ds1307.o
 .debug_rnglists
                0x00000132       0x80 ./Core/Src/fatfs_sd_card.o
 .debug_rnglists
                0x000001b2       0x58 ./Core/Src/main.o
 .debug_rnglists
                0x0000020a       0x1b ./Core/Src/rtime.o
 .debug_rnglists
                0x00000225       0x7f ./Core/Src/st7735.o
 .debug_rnglists
                0x000002a4       0x47 ./Core/Src/stm32f1xx_hal_msp.o
 .debug_rnglists
                0x000002eb       0x55 ./Core/Src/stm32f1xx_it.o
 .debug_rnglists
                0x00000340       0x13 ./Core/Src/sysmem.o
 .debug_rnglists
                0x00000353       0x1a ./Core/Src/system_stm32f1xx.o
 .debug_rnglists
                0x0000036d       0x19 ./Core/Startup/startup_stm32f103c8tx.o
 .debug_rnglists
                0x00000386       0xa3 ./Drivers/STM32F1xx_HAL_Driver/Src/stm32f1xx_hal.o
 .debug_rnglists
                0x00000429       0xed ./Drivers/STM32F1xx_HAL_Driver/Src/stm32f1xx_hal_can.o
 .debug_rnglists
                0x00000516       0xbb ./Drivers/STM32F1xx_HAL_Driver/Src/stm32f1xx_hal_cortex.o
 .debug_rnglists
                0x000005d1       0x3f ./Drivers/STM32F1xx_HAL_Driver/Src/stm32f1xx_hal_gpio.o
 .debug_rnglists
                0x00000610      0x23c ./Drivers/STM32F1xx_HAL_Driver/Src/stm32f1xx_hal_i2c.o
 .debug_rnglists
                0x0000084c       0x6c ./Drivers/STM32F1xx_HAL_Driver/Src/stm32f1xx_hal_rcc.o
 .debug_rnglists
                0x000008b8       0x21 ./Drivers/STM32F1xx_HAL_Driver/Src/stm32f1xx_hal_rcc_ex.o
 .debug_rnglists
                0x000008d9      0x16e ./Drivers/STM32F1xx_HAL_Driver/Src/stm32f1xx_hal_spi.o
 .debug_rnglists
                0x00000a47      0x1bc ./Drivers/STM32F1xx_HAL_Driver/Src/stm32f1xx_hal_uart.o
 .debug_rnglists
                0x00000c03       0x19 ./FATFS/App/fatfs.o
 .debug_rnglists
                0x00000c1c       0x2b ./FATFS/Target/user_diskio.o
 .debug_rnglists
                0x00000c47       0x31 ./Middlewares/Third_Party/FatFs/src/diskio.o
 .debug_rnglists
                0x00000c78      0x1b4 ./Middlewares/Third_Party/FatFs/src/ff.o
 .debug_rnglists
                0x00000e2c       0x2c ./Middlewares/Third_Party/FatFs/src/ff_gen_drv.o
 .debug_rnglists
                0x00000e58       0x19 ./Middlewares/Third_Party/FatFs/src/option/ccsbcs.o

.debug_macro    0x00000000     0x5b19
 .debug_macro   0x00000000      0x3b9 ./Core/Src/OBD2.o
 .debug_macro   0x000003b9      0x1c5 ./Core/Src/OBD2.o
 .debug_macro   0x0000057e      0x3dd ./Core/Src/SDlog.o
 .debug_macro   0x0000095b       0xd8 ./Core/Src/SDlog.o
 .debug_macro   0x00000a33       0xee ./Core/Src/SDlog.o
 .debug_macro   0x00000b21       0x8e ./Core/Src/SDlog.o
 .debug_macro   0x00000baf      0x3b9 ./Core/Src/UI.o
 .debug_macro   0x00000f68      0x426 ./Core/Src/button.o
 .debug_macro   0x0000138e      0x1bb ./Core/Src/ds1307.o
 .debug_macro   0x00001549       0x3a ./Core/Src/ds1307.o
 .debug_macro   0x00001583      0x1df ./Core/Src/fatfs_sd_card.o
 .debug_macro   0x00001762       0x16 ./Core/Src/fatfs_sd_card.o
 .debug_macro   0x00001778       0x7c ./Core/Src/fatfs_sd_card.o
 .debug_macro   0x000017f4       0x9a ./Core/Src/fatfs_sd_card.o
 .debug_macro   0x0000188e       0x6d ./Core/Src/fonts.o
 .debug_macro   0x000018fb      0x421 ./Core/Src/main.o
 .debug_macro   0x00001d1c       0xde ./Core/Src/main.o
 .debug_macro   0x00001dfa       0x10 ./Core/Src/main.o
 .debug_macro   0x00001e0a      0x3b5 ./Core/Src/rtime.o
 .debug_macro   0x000021bf      0x3ba ./Core/Src/st7735.o
 .debug_macro   0x00002579       0x10 ./Core/Src/st7735.o
 .debug_macro   0x00002589       0x3c ./Core/Src/st7735.o
 .debug_macro   0x000025c5      0x37a ./Core/Src/stm32f1xx_hal_msp.o
 .debug_macro   0x0000293f      0x384 ./Core/Src/stm32f1xx_it.o
 .debug_macro   0x00002cc3      0x112 ./Core/Src/sysmem.o
 .debug_macro   0x00002dd5      0x23c ./Core/Src/sysmem.o
 .debug_macro   0x00003011      0x1ac ./Core/Src/system_stm32f1xx.o
 .debug_macro   0x000031bd      0x1d0 ./Drivers/STM32F1xx_HAL_Driver/Src/stm32f1xx_hal.o
 .debug_macro   0x0000338d      0x1bb ./Drivers/STM32F1xx_HAL_Driver/Src/stm32f1xx_hal_can.o
 .debug_macro   0x00003548      0x1ac ./Drivers/STM32F1xx_HAL_Driver/Src/stm32f1xx_hal_cortex.o
 .debug_macro   0x000036f4      0x217 ./Drivers/STM32F1xx_HAL_Driver/Src/stm32f1xx_hal_gpio.o
 .debug_macro   0x0000390b      0x1fa ./Drivers/STM32F1xx_HAL_Driver/Src/stm32f1xx_hal_i2c.o
 .debug_macro   0x00003b05      0x1be ./Drivers/STM32F1xx_HAL_Driver/Src/stm32f1xx_hal_rcc.o
 .debug_macro   0x00003cc3      0x1ac ./Drivers/STM32F1xx_HAL_Driver/Src/stm32f1xx_hal_rcc_ex.o
 .debug_macro   0x00003e6f      0x1b4 ./Drivers/STM32F1xx_HAL_Driver/Src/stm32f1xx_hal_spi.o
 .debug_macro   0x00004023      0x1ad ./Drivers/STM32F1xx_HAL_Driver/Src/stm32f1xx_hal_uart.o
 .debug_macro   0x000041d0      0x3cd ./FATFS/App/fatfs.o
 .debug_macro   0x0000459d      0x3bd ./FATFS/Target/user_diskio.o
 .debug_macro   0x0000495a       0x56 ./FATFS/Target/user_diskio.o
 .debug_macro   0x000049b0      0x3ba ./Middlewares/Third_Party/FatFs/src/diskio.o
 .debug_macro   0x00004d6a      0x601 ./Middlewares/Third_Party/FatFs/src/ff.o
 .debug_macro   0x0000536b       0x4c ./Middlewares/Third_Party/FatFs/src/ff.o
 .debug_macro   0x000053b7      0x3ba ./Middlewares/Third_Party/FatFs/src/ff_gen_drv.o
 .debug_macro   0x00005771      0x3a8 ./Middlewares/Third_Party/FatFs/src/option/ccsbcs.o

.debug_line     0x00000000    0x1d502
 .debug_line    0x00000000      0xdfd ./Core/Src/OBD2.o
 .debug_line    0x00000dfd      0xc24 ./Core/Src/SDlog.o
 .debug_line    0x00001a21      0xd8c ./Core/Src/UI.o
 .debug_line    0x000027ad      0xc4a ./Core/Src/button.o
 .debug_line    0x000033f7      0x827 ./Core/Src/ds1307.o
 .debug_line    0x00003c1e      0xe67 ./Core/Src/fatfs_sd_card.o
 .debug_line    0x00004a85      0x406 ./Core/Src/fonts.o
 .debug_line    0x00004e8b      0xe4e ./Core/Src/main.o
 .debug_line    0x00005cd9      0xb17 ./Core/Src/rtime.o
 .debug_line    0x000067f0      0xe74 ./Core/Src/st7735.o
 .debug_line    0x00007664      0xbbb ./Core/Src/stm32f1xx_hal_msp.o
 .debug_line    0x0000821f      0xb4f ./Core/Src/stm32f1xx_it.o
 .debug_line    0x00008d6e      0x67b ./Core/Src/sysmem.o
 .debug_line    0x000093e9      0x78b ./Core/Src/system_stm32f1xx.o
 .debug_line    0x00009b74       0x78 ./Core/Startup/startup_stm32f103c8tx.o
 .debug_line    0x00009bec      0x9bc ./Drivers/STM32F1xx_HAL_Driver/Src/stm32f1xx_hal.o
 .debug_line    0x0000a5a8     0x11b5 ./Drivers/STM32F1xx_HAL_Driver/Src/stm32f1xx_hal_can.o
 .debug_line    0x0000b75d      0xb86 ./Drivers/STM32F1xx_HAL_Driver/Src/stm32f1xx_hal_cortex.o
 .debug_line    0x0000c2e3      0xa19 ./Drivers/STM32F1xx_HAL_Driver/Src/stm32f1xx_hal_gpio.o
 .debug_line    0x0000ccfc     0x3bb9 ./Drivers/STM32F1xx_HAL_Driver/Src/stm32f1xx_hal_i2c.o
 .debug_line    0x000108b5      0xe75 ./Drivers/STM32F1xx_HAL_Driver/Src/stm32f1xx_hal_rcc.o
 .debug_line    0x0001172a      0x926 ./Drivers/STM32F1xx_HAL_Driver/Src/stm32f1xx_hal_rcc_ex.o
 .debug_line    0x00012050     0x1c53 ./Drivers/STM32F1xx_HAL_Driver/Src/stm32f1xx_hal_spi.o
 .debug_line    0x00013ca3     0x24d8 ./Drivers/STM32F1xx_HAL_Driver/Src/stm32f1xx_hal_uart.o
 .debug_line    0x0001617b      0xae4 ./FATFS/App/fatfs.o
 .debug_line    0x00016c5f      0xb17 ./FATFS/Target/user_diskio.o
 .debug_line    0x00017776      0xb51 ./Middlewares/Third_Party/FatFs/src/diskio.o
 .debug_line    0x000182c7     0x3b7f ./Middlewares/Third_Party/FatFs/src/ff.o
 .debug_line    0x0001be46      0xb6e ./Middlewares/Third_Party/FatFs/src/ff_gen_drv.o
 .debug_line    0x0001c9b4      0xb4e ./Middlewares/Third_Party/FatFs/src/option/ccsbcs.o

.debug_str      0x00000000    0x8c1a2
 .debug_str     0x00000000    0x8c1a2 ./Core/Src/OBD2.o
                              0x867a8 (size before relaxing)
 .debug_str     0x0008c1a2    0x86dab ./Core/Src/SDlog.o
 .debug_str     0x0008c1a2    0x864c8 ./Core/Src/UI.o
 .debug_str     0x0008c1a2    0x86b43 ./Core/Src/button.o
 .debug_str     0x0008c1a2    0x81eaf ./Core/Src/ds1307.o
 .debug_str     0x0008c1a2    0x821a8 ./Core/Src/fatfs_sd_card.o
 .debug_str     0x0008c1a2     0x3de5 ./Core/Src/fonts.o
 .debug_str     0x0008c1a2    0x87d7a ./Core/Src/main.o